../User_Libs/Src/TFT.c:14:6:PIN_LOW	16	static
../User_Libs/Src/TFT.c:19:6:PIN_HIGH	16	static
../User_Libs/Src/TFT.c:24:6:PIN_INPUT	40	static
../User_Libs/Src/TFT.c:34:6:PIN_OUTPUT	40	static
../User_Libs/Src/TFT.c:99:10:width	4	static
../User_Libs/Src/TFT.c:102:10:height	4	static
../User_Libs/Src/TFT.c:117:17:color565_to_555	16	static
../User_Libs/Src/TFT.c:120:17:color555_to_565	16	static
../User_Libs/Src/TFT.c:123:16:color565_to_r	16	static
../User_Libs/Src/TFT.c:126:16:color565_to_g	16	static
../User_Libs/Src/TFT.c:129:16:color565_to_b	16	static
../User_Libs/Src/TFT.c:133:10:color565	16	static
../User_Libs/Src/TFT.c:134:10:readPixel	32	static
../User_Libs/Src/TFT.c:142:6:WriteCmdData	16	static
../User_Libs/Src/TFT.c:150:6:pushCommand	16	static
../User_Libs/Src/TFT.c:180:6:delay	16	static
../User_Libs/Src/TFT.c:189:6:setReadDir	8	static
../User_Libs/Src/TFT.c:201:6:setWriteDir	8	static
../User_Libs/Src/TFT.c:219:13:pushColors_any	40	static
../User_Libs/Src/TFT.c:256:13:write24	24	static
../User_Libs/Src/TFT.c:267:13:writecmddata	24	static
../User_Libs/Src/TFT.c:277:13:WriteCmdParamN	24	static
../User_Libs/Src/TFT.c:292:20:WriteCmdParam4	32	static
../User_Libs/Src/TFT.c:301:13:init_table	48	static
../User_Libs/Src/TFT.c:326:13:init_table16	24	static
../User_Libs/Src/TFT.c:343:6:reset	8	static
../User_Libs/Src/TFT.c:360:17:read16bits	16	static
../User_Libs/Src/TFT.c:369:10:readReg	24	static
../User_Libs/Src/TFT.c:387:10:readReg32	24	static
../User_Libs/Src/TFT.c:394:10:readReg40	24	static
../User_Libs/Src/TFT.c:403:6:tft_init	40	static
../User_Libs/Src/TFT.c:2457:10:readID	24	static
../User_Libs/Src/TFT.c:2554:9:readGRAM	56	static
../User_Libs/Src/TFT.c:2620:6:setRotation	40	static
../User_Libs/Src/TFT.c:2784:6:drawPixel	32	static
../User_Libs/Src/TFT.c:2798:6:setAddrWindow	40	static
../User_Libs/Src/TFT.c:2841:6:vertScroll	32	static
../User_Libs/Src/TFT.c:2921:6:pushColors16b	24	static
../User_Libs/Src/TFT.c:2925:6:pushColors8b	24	static
../User_Libs/Src/TFT.c:2929:6:pushColors4n	24	static
../User_Libs/Src/TFT.c:2935:6:fillScreen	24	static
../User_Libs/Src/TFT.c:2940:6:invertDisplay	24	static
../User_Libs/Src/TFT.c:2986:7:drawFastVLine	32	static
../User_Libs/Src/TFT.c:2990:7:drawFastHLine	32	static
../User_Libs/Src/TFT.c:2995:6:writePixel	16	static
../User_Libs/Src/TFT.c:3000:6:writeLine	48	static
../User_Libs/Src/TFT.c:3041:6:drawLine	40	static
../User_Libs/Src/TFT.c:3054:6:drawCircle	40	static
../User_Libs/Src/TFT.c:3088:6:drawCircleHelper	40	static
../User_Libs/Src/TFT.c:3124:6:fillCircle	32	static
../User_Libs/Src/TFT.c:3130:6:fillCircleHelper	40	static
../User_Libs/Src/TFT.c:3167:6:drawRect	24	static
../User_Libs/Src/TFT.c:3175:6:fillRect	32	static
../User_Libs/Src/TFT.c:3264:6:drawRoundRect	40	static
../User_Libs/Src/TFT.c:3281:6:fillRoundRect	40	static
../User_Libs/Src/TFT.c:3293:6:drawTriangle	32	static
../User_Libs/Src/TFT.c:3301:6:fillTriangle	72	static
../User_Libs/Src/TFT.c:3381:6:testFillScreen	8	static
../User_Libs/Src/TFT.c:3390:6:testLines	56	static
../User_Libs/Src/TFT.c:3433:6:testFastLines	32	static
../User_Libs/Src/TFT.c:3442:6:testRects	56	static
../User_Libs/Src/TFT.c:3456:6:testFilledRects	56	static
../User_Libs/Src/TFT.c:3473:6:testFilledCircles	40	static
../User_Libs/Src/TFT.c:3486:6:testCircles	40	static
../User_Libs/Src/TFT.c:3502:6:testTriangles	64	static
../User_Libs/Src/TFT.c:3518:6:testFilledTriangles	64	static
../User_Libs/Src/TFT.c:3531:6:testRoundRects	72	static
../User_Libs/Src/TFT.c:3548:6:testFilledRoundRects	64	static
../User_Libs/Src/TFT.c:3566:6:drawChar	56	static
../User_Libs/Src/TFT.c:3616:8:write	48	static
../User_Libs/Src/TFT.c:3655:6:setFont	16	static
../User_Libs/Src/TFT.c:3684:6:charBounds	64	static
../User_Libs/Src/TFT.c:3754:6:getTextBounds	64	static
../User_Libs/Src/TFT.c:3777:6:printnewtstr	24	static
../User_Libs/Src/TFT.c:3786:6:printstr	16	static
../User_Libs/Src/TFT.c:3791:6:setTextWrap	16	static
../User_Libs/Src/TFT.c:3793:6:setTextColor	16	static
../User_Libs/Src/TFT.c:3798:6:setTextSize	16	static
../User_Libs/Src/TFT.c:3803:6:setCursor	16	static
../User_Libs/Src/TFT.c:3805:9:getRotation	4	static
../User_Libs/Src/TFT.c:3810:6:scrollup	24	static
../User_Libs/Src/TFT.c:3824:6:scrolldown	24	static
