../User_Libs/Src/W25Q.c:13:13:CS_Set	16	static
../User_Libs/Src/W25Q.c:17:13:CS_Reset	16	static
../User_Libs/Src/W25Q.c:23:6:W25_Send	24	static
../User_Libs/Src/W25Q.c:28:6:W25_Recv	24	static
../User_Libs/Src/W25Q.c:33:6:W25_Reset	16	static
../User_Libs/Src/W25Q.c:42:6:W25_Init	16	static
../User_Libs/Src/W25Q.c:50:6:W25_Read_Data	24	static
../User_Libs/Src/W25Q.c:62:10:W25_Read_ID	56	static
../User_Libs/Src/W25Q.c:77:6:W25_Read_Page	24	static
../User_Libs/Src/W25Q.c:112:10:W25_Read_Jedec_ID	24	static
../User_Libs/Src/W25Q.c:123:6:W25_Info	24	static
../User_Libs/Src/W25Q.c:173:6:W25_Write_Enable	16	static
../User_Libs/Src/W25Q.c:181:6:W25_Write_Disable	16	static
../User_Libs/Src/W25Q.c:189:6:W25_Wait_Write_End	16	static
../User_Libs/Src/W25Q.c:204:6:W25_Set_Block_Protect	16	static
../User_Libs/Src/W25Q.c:220:6:W25_Write_Data	24	static
../User_Libs/Src/W25Q.c:249:6:W25_Write_Page	24	static
../User_Libs/Src/W25Q.c:284:6:W25_Erase_Sector	16	static
../User_Libs/Src/W25Q.c:313:6:W25_Erase_Block	16	static
../User_Libs/Src/W25Q.c:342:6:W25_Erase_Chip	16	static
