Archive member included to satisfy reference by file (symbol)

/opt/st/stm32cubeide_1.11.0/plugins/com.st.stm32cube.ide.mcu.externaltools.gnu-tools-for-stm32.10.3-2021.10.linux64_1.0.100.202210260954/tools/bin/../lib/gcc/arm-none-eabi/10.3.1/../../../../arm-none-eabi/lib/thumb/v7e-m+fp/hard/libc_nano.a(lib_a-errno.o)
                              ./Core/Src/syscalls.o (__errno)
/opt/st/stm32cubeide_1.11.0/plugins/com.st.stm32cube.ide.mcu.externaltools.gnu-tools-for-stm32.10.3-2021.10.linux64_1.0.100.202210260954/tools/bin/../lib/gcc/arm-none-eabi/10.3.1/../../../../arm-none-eabi/lib/thumb/v7e-m+fp/hard/libc_nano.a(lib_a-exit.o)
                              /opt/st/stm32cubeide_1.11.0/plugins/com.st.stm32cube.ide.mcu.externaltools.gnu-tools-for-stm32.10.3-2021.10.linux64_1.0.100.202210260954/tools/bin/../lib/gcc/arm-none-eabi/10.3.1/../../../../arm-none-eabi/lib/thumb/v7e-m+fp/hard/crt0.o (exit)
/opt/st/stm32cubeide_1.11.0/plugins/com.st.stm32cube.ide.mcu.externaltools.gnu-tools-for-stm32.10.3-2021.10.linux64_1.0.100.202210260954/tools/bin/../lib/gcc/arm-none-eabi/10.3.1/../../../../arm-none-eabi/lib/thumb/v7e-m+fp/hard/libc_nano.a(lib_a-findfp.o)
                              ./Middlewares/Third_Party/FreeRTOS/Source/tasks.o (__sf_fake_stderr)
/opt/st/stm32cubeide_1.11.0/plugins/com.st.stm32cube.ide.mcu.externaltools.gnu-tools-for-stm32.10.3-2021.10.linux64_1.0.100.202210260954/tools/bin/../lib/gcc/arm-none-eabi/10.3.1/../../../../arm-none-eabi/lib/thumb/v7e-m+fp/hard/libc_nano.a(lib_a-fwalk.o)
                              /opt/st/stm32cubeide_1.11.0/plugins/com.st.stm32cube.ide.mcu.externaltools.gnu-tools-for-stm32.10.3-2021.10.linux64_1.0.100.202210260954/tools/bin/../lib/gcc/arm-none-eabi/10.3.1/../../../../arm-none-eabi/lib/thumb/v7e-m+fp/hard/libc_nano.a(lib_a-findfp.o) (_fwalk)
/opt/st/stm32cubeide_1.11.0/plugins/com.st.stm32cube.ide.mcu.externaltools.gnu-tools-for-stm32.10.3-2021.10.linux64_1.0.100.202210260954/tools/bin/../lib/gcc/arm-none-eabi/10.3.1/../../../../arm-none-eabi/lib/thumb/v7e-m+fp/hard/libc_nano.a(lib_a-impure.o)
                              /opt/st/stm32cubeide_1.11.0/plugins/com.st.stm32cube.ide.mcu.externaltools.gnu-tools-for-stm32.10.3-2021.10.linux64_1.0.100.202210260954/tools/bin/../lib/gcc/arm-none-eabi/10.3.1/../../../../arm-none-eabi/lib/thumb/v7e-m+fp/hard/libc_nano.a(lib_a-exit.o) (_global_impure_ptr)
/opt/st/stm32cubeide_1.11.0/plugins/com.st.stm32cube.ide.mcu.externaltools.gnu-tools-for-stm32.10.3-2021.10.linux64_1.0.100.202210260954/tools/bin/../lib/gcc/arm-none-eabi/10.3.1/../../../../arm-none-eabi/lib/thumb/v7e-m+fp/hard/libc_nano.a(lib_a-init.o)
                              /opt/st/stm32cubeide_1.11.0/plugins/com.st.stm32cube.ide.mcu.externaltools.gnu-tools-for-stm32.10.3-2021.10.linux64_1.0.100.202210260954/tools/bin/../lib/gcc/arm-none-eabi/10.3.1/../../../../arm-none-eabi/lib/thumb/v7e-m+fp/hard/crt0.o (__libc_init_array)
/opt/st/stm32cubeide_1.11.0/plugins/com.st.stm32cube.ide.mcu.externaltools.gnu-tools-for-stm32.10.3-2021.10.linux64_1.0.100.202210260954/tools/bin/../lib/gcc/arm-none-eabi/10.3.1/../../../../arm-none-eabi/lib/thumb/v7e-m+fp/hard/libc_nano.a(lib_a-lock.o)
                              /opt/st/stm32cubeide_1.11.0/plugins/com.st.stm32cube.ide.mcu.externaltools.gnu-tools-for-stm32.10.3-2021.10.linux64_1.0.100.202210260954/tools/bin/../lib/gcc/arm-none-eabi/10.3.1/../../../../arm-none-eabi/lib/thumb/v7e-m+fp/hard/libc_nano.a(lib_a-findfp.o) (__retarget_lock_init_recursive)
/opt/st/stm32cubeide_1.11.0/plugins/com.st.stm32cube.ide.mcu.externaltools.gnu-tools-for-stm32.10.3-2021.10.linux64_1.0.100.202210260954/tools/bin/../lib/gcc/arm-none-eabi/10.3.1/../../../../arm-none-eabi/lib/thumb/v7e-m+fp/hard/libc_nano.a(lib_a-memcpy-stub.o)
                              ./Middlewares/Third_Party/FreeRTOS/Source/queue.o (memcpy)
/opt/st/stm32cubeide_1.11.0/plugins/com.st.stm32cube.ide.mcu.externaltools.gnu-tools-for-stm32.10.3-2021.10.linux64_1.0.100.202210260954/tools/bin/../lib/gcc/arm-none-eabi/10.3.1/../../../../arm-none-eabi/lib/thumb/v7e-m+fp/hard/libc_nano.a(lib_a-memset.o)
                              /opt/st/stm32cubeide_1.11.0/plugins/com.st.stm32cube.ide.mcu.externaltools.gnu-tools-for-stm32.10.3-2021.10.linux64_1.0.100.202210260954/tools/bin/../lib/gcc/arm-none-eabi/10.3.1/../../../../arm-none-eabi/lib/thumb/v7e-m+fp/hard/crt0.o (memset)
/opt/st/stm32cubeide_1.11.0/plugins/com.st.stm32cube.ide.mcu.externaltools.gnu-tools-for-stm32.10.3-2021.10.linux64_1.0.100.202210260954/tools/bin/../lib/gcc/arm-none-eabi/10.3.1/../../../../arm-none-eabi/lib/thumb/v7e-m+fp/hard/libc_nano.a(lib_a-nano-mallocr.o)
                              /opt/st/stm32cubeide_1.11.0/plugins/com.st.stm32cube.ide.mcu.externaltools.gnu-tools-for-stm32.10.3-2021.10.linux64_1.0.100.202210260954/tools/bin/../lib/gcc/arm-none-eabi/10.3.1/../../../../arm-none-eabi/lib/thumb/v7e-m+fp/hard/libc_nano.a(lib_a-findfp.o) (_malloc_r)
[...]
Memory Configuration

Name             Origin             Length             Attributes
RAM              0x0000000020000000 0x0000000000020000 xrw
FLASH            0x0000000008000000 0x0000000000080000 xr
*default*        0x0000000000000000 0xffffffffffffffff

Linker script and memory map

LOAD /opt/st/stm32cubeide_1.11.0/plugins/com.st.stm32cube.ide.mcu.externaltools.gnu-tools-for-stm32.10.3-2021.10.linux64_1.0.100.202210260954/tools/bin/../lib/gcc/arm-none-eabi/10.3.1/thumb/v7e-m+fp/hard/crti.o
LOAD /opt/st/stm32cubeide_1.11.0/plugins/com.st.stm32cube.ide.mcu.externaltools.gnu-tools-for-stm32.10.3-2021.10.linux64_1.0.100.202210260954/tools/bin/../lib/gcc/arm-none-eabi/10.3.1/thumb/v7e-m+fp/hard/crtbegin.o
LOAD /opt/st/stm32cubeide_1.11.0/plugins/com.st.stm32cube.ide.mcu.externaltools.gnu-tools-for-stm32.10.3-2021.10.linux64_1.0.100.202210260954/tools/bin/../lib/gcc/arm-none-eabi/10.3.1/../../../../arm-none-eabi/lib/thumb/v7e-m+fp/hard/crt0.o
LOAD ./Core/Src/freertos.o
LOAD ./Core/Src/main.o
LOAD ./Core/Src/stm32f4xx_hal_msp.o
LOAD ./Core/Src/stm32f4xx_hal_timebase_tim.o
LOAD ./Core/Src/stm32f4xx_it.o
LOAD ./Core/Src/syscalls.o
LOAD ./Core/Src/sysmem.o
LOAD ./Core/Src/system_stm32f4xx.o
LOAD ./Core/Startup/startup_stm32f411ceux.o
LOAD ./Drivers/STM32F4xx_HAL_Driver/Src/stm32f4xx_hal.o
LOAD ./Drivers/STM32F4xx_HAL_Driver/Src/stm32f4xx_hal_cortex.o
LOAD ./Drivers/STM32F4xx_HAL_Driver/Src/stm32f4xx_hal_dma.o
LOAD ./Drivers/STM32F4xx_HAL_Driver/Src/stm32f4xx_hal_dma_ex.o
LOAD ./Drivers/STM32F4xx_HAL_Driver/Src/stm32f4xx_hal_exti.o
LOAD ./Drivers/STM32F4xx_HAL_Driver/Src/stm32f4xx_hal_flash.o
LOAD ./Drivers/STM32F4xx_HAL_Driver/Src/stm32f4xx_hal_flash_ex.o
LOAD ./Drivers/STM32F4xx_HAL_Driver/Src/stm32f4xx_hal_flash_ramfunc.o
LOAD ./Drivers/STM32F4xx_HAL_Driver/Src/stm32f4xx_hal_gpio.o
LOAD ./Drivers/STM32F4xx_HAL_Driver/Src/stm32f4xx_hal_i2c.o
LOAD ./Drivers/STM32F4xx_HAL_Driver/Src/stm32f4xx_hal_i2c_ex.o
LOAD ./Drivers/STM32F4xx_HAL_Driver/Src/stm32f4xx_hal_pwr.o
LOAD ./Drivers/STM32F4xx_HAL_Driver/Src/stm32f4xx_hal_pwr_ex.o
LOAD ./Drivers/STM32F4xx_HAL_Driver/Src/stm32f4xx_hal_rcc.o
LOAD ./Drivers/STM32F4xx_HAL_Driver/Src/stm32f4xx_hal_rcc_ex.o
LOAD ./Drivers/STM32F4xx_HAL_Driver/Src/stm32f4xx_hal_spi.o
LOAD ./Drivers/STM32F4xx_HAL_Driver/Src/stm32f4xx_hal_tim.o
LOAD ./Drivers/STM32F4xx_HAL_Driver/Src/stm32f4xx_hal_tim_ex.o
LOAD ./Drivers/STM32F4xx_HAL_Driver/Src/stm32f4xx_hal_uart.o
LOAD ./Middlewares/Third_Party/FreeRTOS/Source/CMSIS_RTOS/cmsis_os.o
LOAD ./Middlewares/Third_Party/FreeRTOS/Source/croutine.o
LOAD ./Middlewares/Third_Party/FreeRTOS/Source/event_groups.o
LOAD ./Middlewares/Third_Party/FreeRTOS/Source/list.o
LOAD ./Middlewares/Third_Party/FreeRTOS/Source/queue.o
LOAD ./Middlewares/Third_Party/FreeRTOS/Source/stream_buffer.o
LOAD ./Middlewares/Third_Party/FreeRTOS/Source/tasks.o
LOAD ./Middlewares/Third_Party/FreeRTOS/Source/timers.o
LOAD ./Middlewares/Third_Party/FreeRTOS/Source/portable/GCC/ARM_CM4F/port.o
LOAD ./Middlewares/Third_Party/FreeRTOS/Source/portable/MemMang/heap_4.o
LOAD ./User_Libs/Src/DS3231.o
LOAD ./User_Libs/Src/Fonts.o
LOAD ./User_Libs/Src/Keypad.o
LOAD ./User_Libs/Src/Lora.o
LOAD ./User_Libs/Src/TFT.o
LOAD ./User_Libs/Src/W25Q.o
START GROUP
LOAD /opt/st/stm32cubeide_1.11.0/plugins/com.st.stm32cube.ide.mcu.externaltools.gnu-tools-for-stm32.10.3-2021.10.linux64_1.0.100.202210260954/tools/bin/../lib/gcc/arm-none-eabi/10.3.1/../../../../arm-none-eabi/lib/thumb/v7e-m+fp/hard/libc_nano.a
LOAD /opt/st/stm32cubeide_1.11.0/plugins/com.st.stm32cube.ide.mcu.externaltools.gnu-tools-for-stm32.10.3-2021.10.linux64_1.0.100.202210260954/tools/bin/../lib/gcc/arm-none-eabi/10.3.1/../../../../arm-none-eabi/lib/thumb/v7e-m+fp/hard/libm.a
END GROUP
START GROUP
LOAD /opt/st/stm32cubeide_1.11.0/plugins/com.st.stm32cube.ide.mcu.externaltools.gnu-tools-for-stm32.10.3-2021.10.linux64_1.0.100.202210260954/tools/bin/../lib/gcc/arm-none-eabi/10.3.1/thumb/v7e-m+fp/hard/libgcc.a
LOAD /opt/st/stm32cubeide_1.11.0/plugins/com.st.stm32cube.ide.mcu.externaltools.gnu-tools-for-stm32.10.3-2021.10.linux64_1.0.100.202210260954/tools/bin/../lib/gcc/arm-none-eabi/10.3.1/../../../../arm-none-eabi/lib/thumb/v7e-m+fp/hard/libc_nano.a
END GROUP
START GROUP
LOAD /opt/st/stm32cubeide_1.11.0/plugins/com.st.stm32cube.ide.mcu.externaltools.gnu-tools-for-stm32.10.3-2021.10.linux64_1.0.100.202210260954/tools/bin/../lib/gcc/arm-none-eabi/10.3.1/thumb/v7e-m+fp/hard/libgcc.a
LOAD /opt/st/stm32cubeide_1.11.0/plugins/com.st.stm32cube.ide.mcu.externaltools.gnu-tools-for-stm32.10.3-2021.10.linux64_1.0.100.202210260954/tools/bin/../lib/gcc/arm-none-eabi/10.3.1/../../../../arm-none-eabi/lib/thumb/v7e-m+fp/hard/libc_nano.a
LOAD /opt/st/stm32cubeide_1.11.0/plugins/com.st.stm32cube.ide.mcu.externaltools.gnu-tools-for-stm32.10.3-2021.10.linux64_1.0.100.202210260954/tools/bin/../lib/gcc/arm-none-eabi/10.3.1/../../../../arm-none-eabi/lib/thumb/v7e-m+fp/hard/libnosys.a
END GROUP
START GROUP
LOAD /opt/st/stm32cubeide_1.11.0/plugins/com.st.stm32cube.ide.mcu.externaltools.gnu-tools-for-stm32.10.3-2021.10.linux64_1.0.100.202210260954/tools/bin/../lib/gcc/arm-none-eabi/10.3.1/thumb/v7e-m+fp/hard/libgcc.a
LOAD /opt/st/stm32cubeide_1.11.0/plugins/com.st.stm32cube.ide.mcu.externaltools.gnu-tools-for-stm32.10.3-2021.10.linux64_1.0.100.202210260954/tools/bin/../lib/gcc/arm-none-eabi/10.3.1/../../../../arm-none-eabi/lib/thumb/v7e-m+fp/hard/libc_nano.a
LOAD /opt/st/stm32cubeide_1.11.0/plugins/com.st.stm32cube.ide.mcu.externaltools.gnu-tools-for-stm32.10.3-2021.10.linux64_1.0.100.202210260954/tools/bin/../lib/gcc/arm-none-eabi/10.3.1/../../../../arm-none-eabi/lib/thumb/v7e-m+fp/hard/libnosys.a
END GROUP
LOAD /opt/st/stm32cubeide_1.11.0/plugins/com.st.stm32cube.ide.mcu.externaltools.gnu-tools-for-stm32.10.3-2021.10.linux64_1.0.100.202210260954/tools/bin/../lib/gcc/arm-none-eabi/10.3.1/thumb/v7e-m+fp/hard/crtend.o
LOAD /opt/st/stm32cubeide_1.11.0/plugins/com.st.stm32cube.ide.mcu.externaltools.gnu-tools-for-stm32.10.3-2021.10.linux64_1.0.100.202210260954/tools/bin/../lib/gcc/arm-none-eabi/10.3.1/thumb/v7e-m+fp/hard/crtn.o
                0x0000000020020000                _estack = (ORIGIN (RAM) + LENGTH (RAM))
                0x0000000000000200                _Min_Heap_Size = 0x200
                0x0000000000000400                _Min_Stack_Size = 0x400

.isr_vector     0x0000000008000000      0x198
                0x0000000008000000                . = ALIGN (0x4)
 *(.isr_vector)
 .isr_vector    0x0000000008000000      0x198 ./Core/Startup/startup_stm32f411ceux.o
                0x0000000008000000                g_pfnVectors
                0x0000000008000198                . = ALIGN (0x4)

.text           0x00000000080001a0     0x8384
                0x00000000080001a0                . = ALIGN (0x4)
 *(.text)
 .text          0x00000000080001a0       0x40 /opt/st/stm32cubeide_1.11.0/plugins/com.st.stm32cube.ide.mcu.externaltools.gnu-tools-for-stm32.10.3-2021.10.linux64_1.0.100.202210260954/tools/bin/../lib/gcc/arm-none-eabi/10.3.1/thumb/v7e-m+fp/hard/crtbegin.o
 .text          0x00000000080001e0       0x30 /opt/st/stm32cubeide_1.11.0/plugins/com.st.stm32cube.ide.mcu.externaltools.gnu-tools-for-stm32.10.3-2021.10.linux64_1.0.100.202210260954/tools/bin/../lib/gcc/arm-none-eabi/10.3.1/thumb/v7e-m+fp/hard/libgcc.a(_aeabi_uldivmod.o)
                0x00000000080001e0                __aeabi_uldivmod
 .text          0x0000000008000210      0x2d0 /opt/st/stm32cubeide_1.11.0/plugins/com.st.stm32cube.ide.mcu.externaltools.gnu-tools-for-stm32.10.3-2021.10.linux64_1.0.100.202210260954/tools/bin/../lib/gcc/arm-none-eabi/10.3.1/thumb/v7e-m+fp/hard/libgcc.a(_udivmoddi4.o)
                0x0000000008000210                __udivmoddi4
 .text          0x00000000080004e0        0x4 /opt/st/stm32cubeide_1.11.0/plugins/com.st.stm32cube.ide.mcu.externaltools.gnu-tools-for-stm32.10.3-2021.10.linux64_1.0.100.202210260954/tools/bin/../lib/gcc/arm-none-eabi/10.3.1/thumb/v7e-m+fp/hard/libgcc.a(_dvmd_tls.o)
                0x00000000080004e0                __aeabi_ldiv0
                0x00000000080004e0                __aeabi_idiv0
 *(.text*)
 .text.vApplicationGetIdleTaskMemory
                0x00000000080004e4       0x34 ./Core/Src/freertos.o
                0x00000000080004e4                vApplicationGetIdleTaskMemory
 .text.main     0x0000000008000518       0xcc ./Core/Src/main.o
                0x0000000008000518                main
 .text.SystemClock_Config
                0x00000000080005e4       0xd0 ./Core/Src/main.o
                0x00000000080005e4                SystemClock_Config
 .text.MX_I2C1_Init
                0x00000000080006b4       0x5c ./Core/Src/main.o
 .text.MX_SPI1_Init
                0x0000000008000710       0x6c ./Core/Src/main.o
 .text.MX_TIM1_Init
                0x000000000800077c       0xa0 ./Core/Src/main.o
 .text.MX_USART2_UART_Init
                0x000000000800081c       0x54 ./Core/Src/main.o
 .text.MX_GPIO_Init
                0x0000000008000870      0x174 ./Core/Src/main.o
 .text.StartKeyMatrix_Task
                0x00000000080009e4       0x10 ./Core/Src/main.o
                0x00000000080009e4                StartKeyMatrix_Task
 .text.StartTFT_Task
                0x00000000080009f4       0x20 ./Core/Src/main.o
                0x00000000080009f4                StartTFT_Task
 .text.HAL_TIM_PeriodElapsedCallback
                0x0000000008000a14       0x1e ./Core/Src/main.o
                0x0000000008000a14                HAL_TIM_PeriodElapsedCallback
 .text.Error_Handler
                0x0000000008000a32        0xa ./Core/Src/main.o
                0x0000000008000a32                Error_Handler
 .text.HAL_MspInit
                0x0000000008000a3c       0x64 ./Core/Src/stm32f4xx_hal_msp.o
                0x0000000008000a3c                HAL_MspInit
 .text.HAL_I2C_MspInit
                0x0000000008000aa0       0x90 ./Core/Src/stm32f4xx_hal_msp.o
                0x0000000008000aa0                HAL_I2C_MspInit
 .text.HAL_SPI_MspInit
                0x0000000008000b30       0x90 ./Core/Src/stm32f4xx_hal_msp.o
                0x0000000008000b30                HAL_SPI_MspInit
 .text.HAL_TIM_Base_MspInit
                0x0000000008000bc0       0x44 ./Core/Src/stm32f4xx_hal_msp.o
                0x0000000008000bc0                HAL_TIM_Base_MspInit
 .text.HAL_UART_MspInit
                0x0000000008000c04       0x90 ./Core/Src/stm32f4xx_hal_msp.o
                0x0000000008000c04                HAL_UART_MspInit
 .text.HAL_InitTick
                0x0000000008000c94       0xf8 ./Core/Src/stm32f4xx_hal_timebase_tim.o
                0x0000000008000c94                HAL_InitTick
 .text.NMI_Handler
                0x0000000008000d8c        0x6 ./Core/Src/stm32f4xx_it.o
                0x0000000008000d8c                NMI_Handler
 .text.HardFault_Handler
                0x0000000008000d92        0x6 ./Core/Src/stm32f4xx_it.o
                0x0000000008000d92                HardFault_Handler
 .text.MemManage_Handler
                0x0000000008000d98        0x6 ./Core/Src/stm32f4xx_it.o
                0x0000000008000d98                MemManage_Handler
 .text.BusFault_Handler
                0x0000000008000d9e        0x6 ./Core/Src/stm32f4xx_it.o
                0x0000000008000d9e                BusFault_Handler
 .text.UsageFault_Handler
                0x0000000008000da4        0x6 ./Core/Src/stm32f4xx_it.o
                0x0000000008000da4                UsageFault_Handler
 .text.DebugMon_Handler
                0x0000000008000daa        0xe ./Core/Src/stm32f4xx_it.o
                0x0000000008000daa                DebugMon_Handler
 .text.EXTI9_5_IRQHandler
                0x0000000008000db8        0xe ./Core/Src/stm32f4xx_it.o
                0x0000000008000db8                EXTI9_5_IRQHandler
 *fill*         0x0000000008000dc6        0x2 
 .text.TIM2_IRQHandler
                0x0000000008000dc8       0x14 ./Core/Src/stm32f4xx_it.o
                0x0000000008000dc8                TIM2_IRQHandler
 .text.EXTI15_10_IRQHandler
                0x0000000008000ddc       0x10 ./Core/Src/stm32f4xx_it.o
                0x0000000008000ddc                EXTI15_10_IRQHandler
 .text.SystemInit
                0x0000000008000dec       0x24 ./Core/Src/system_stm32f4xx.o
                0x0000000008000dec                SystemInit
 .text.Reset_Handler
                0x0000000008000e10       0x50 ./Core/Startup/startup_stm32f411ceux.o
                0x0000000008000e10                Reset_Handler
 .text.Default_Handler
                0x0000000008000e60        0x2 ./Core/Startup/startup_stm32f411ceux.o
                0x0000000008000e60                RTC_Alarm_IRQHandler
                0x0000000008000e60                EXTI2_IRQHandler
                0x0000000008000e60                SPI4_IRQHandler
                0x0000000008000e60                TIM1_CC_IRQHandler
                0x0000000008000e60                DMA2_Stream5_IRQHandler
                0x0000000008000e60                DMA1_Stream5_IRQHandler
                0x0000000008000e60                PVD_IRQHandler
                0x0000000008000e60                SDIO_IRQHandler
                0x0000000008000e60                TAMP_STAMP_IRQHandler
                0x0000000008000e60                EXTI3_IRQHandler
                0x0000000008000e60                TIM1_UP_TIM10_IRQHandler
                0x0000000008000e60                I2C3_ER_IRQHandler
                0x0000000008000e60                EXTI0_IRQHandler
                0x0000000008000e60                I2C2_EV_IRQHandler
                0x0000000008000e60                DMA1_Stream2_IRQHandler
                0x0000000008000e60                FPU_IRQHandler
                0x0000000008000e60                DMA2_Stream2_IRQHandler
                0x0000000008000e60                SPI1_IRQHandler
                0x0000000008000e60                TIM1_BRK_TIM9_IRQHandler
                0x0000000008000e60                DMA2_Stream3_IRQHandler
                0x0000000008000e60                USART6_IRQHandler
                0x0000000008000e60                DMA2_Stream0_IRQHandler
                0x0000000008000e60                TIM4_IRQHandler
                0x0000000008000e60                I2C1_EV_IRQHandler
                0x0000000008000e60                DMA1_Stream6_IRQHandler
                0x0000000008000e60                DMA1_Stream1_IRQHandler
                0x0000000008000e60                TIM3_IRQHandler
                0x0000000008000e60                RCC_IRQHandler
                0x0000000008000e60                Default_Handler
                0x0000000008000e60                ADC_IRQHandler
                0x0000000008000e60                DMA1_Stream7_IRQHandler
                0x0000000008000e60                SPI5_IRQHandler
                0x0000000008000e60                TIM5_IRQHandler
                0x0000000008000e60                DMA2_Stream7_IRQHandler
                0x0000000008000e60                I2C3_EV_IRQHandler
                0x0000000008000e60                RTC_WKUP_IRQHandler
                0x0000000008000e60                SPI2_IRQHandler
                0x0000000008000e60                DMA1_Stream0_IRQHandler
                0x0000000008000e60                EXTI4_IRQHandler
                0x0000000008000e60                WWDG_IRQHandler
                0x0000000008000e60                OTG_FS_WKUP_IRQHandler
                0x0000000008000e60                TIM1_TRG_COM_TIM11_IRQHandler
                0x0000000008000e60                EXTI1_IRQHandler
                0x0000000008000e60                USART2_IRQHandler
                0x0000000008000e60                I2C2_ER_IRQHandler
                0x0000000008000e60                DMA2_Stream1_IRQHandler
                0x0000000008000e60                FLASH_IRQHandler
                0x0000000008000e60                DMA2_Stream4_IRQHandler
                0x0000000008000e60                USART1_IRQHandler
                0x0000000008000e60                OTG_FS_IRQHandler
                0x0000000008000e60                SPI3_IRQHandler
                0x0000000008000e60                DMA1_Stream4_IRQHandler
                0x0000000008000e60                I2C1_ER_IRQHandler
                0x0000000008000e60                DMA2_Stream6_IRQHandler
                0x0000000008000e60                DMA1_Stream3_IRQHandler
 *fill*         0x0000000008000e62        0x2 
 .text.HAL_Init
                0x0000000008000e64       0x44 ./Drivers/STM32F4xx_HAL_Driver/Src/stm32f4xx_hal.o
                0x0000000008000e64                HAL_Init
 .text.HAL_IncTick
                0x0000000008000ea8       0x28 ./Drivers/STM32F4xx_HAL_Driver/Src/stm32f4xx_hal.o
                0x0000000008000ea8                HAL_IncTick
 .text.HAL_GetTick
                0x0000000008000ed0       0x18 ./Drivers/STM32F4xx_HAL_Driver/Src/stm32f4xx_hal.o
                0x0000000008000ed0                HAL_GetTick
 .text.HAL_Delay
                0x0000000008000ee8       0x48 ./Drivers/STM32F4xx_HAL_Driver/Src/stm32f4xx_hal.o
                0x0000000008000ee8                HAL_Delay
 .text.__NVIC_SetPriorityGrouping
                0x0000000008000f30       0x48 ./Drivers/STM32F4xx_HAL_Driver/Src/stm32f4xx_hal_cortex.o
 .text.__NVIC_GetPriorityGrouping
                0x0000000008000f78       0x1c ./Drivers/STM32F4xx_HAL_Driver/Src/stm32f4xx_hal_cortex.o
 .text.__NVIC_EnableIRQ
                0x0000000008000f94       0x3c ./Drivers/STM32F4xx_HAL_Driver/Src/stm32f4xx_hal_cortex.o
 .text.__NVIC_SetPriority
                0x0000000008000fd0       0x54 ./Drivers/STM32F4xx_HAL_Driver/Src/stm32f4xx_hal_cortex.o
 .text.NVIC_EncodePriority
                0x0000000008001024       0x66 ./Drivers/STM32F4xx_HAL_Driver/Src/stm32f4xx_hal_cortex.o
 .text.HAL_NVIC_SetPriorityGrouping
                0x000000000800108a       0x16 ./Drivers/STM32F4xx_HAL_Driver/Src/stm32f4xx_hal_cortex.o
                0x000000000800108a                HAL_NVIC_SetPriorityGrouping
 .text.HAL_NVIC_SetPriority
                0x00000000080010a0       0x38 ./Drivers/STM32F4xx_HAL_Driver/Src/stm32f4xx_hal_cortex.o
                0x00000000080010a0                HAL_NVIC_SetPriority
 .text.HAL_NVIC_EnableIRQ
                0x00000000080010d8       0x1c ./Drivers/STM32F4xx_HAL_Driver/Src/stm32f4xx_hal_cortex.o
                0x00000000080010d8                HAL_NVIC_EnableIRQ
 .text.HAL_GPIO_Init
                0x00000000080010f4      0x308 ./Drivers/STM32F4xx_HAL_Driver/Src/stm32f4xx_hal_gpio.o
                0x00000000080010f4                HAL_GPIO_Init
 .text.HAL_GPIO_WritePin
                0x00000000080013fc       0x32 ./Drivers/STM32F4xx_HAL_Driver/Src/stm32f4xx_hal_gpio.o
                0x00000000080013fc                HAL_GPIO_WritePin
 *fill*         0x000000000800142e        0x2 
 .text.HAL_GPIO_EXTI_IRQHandler
                0x0000000008001430       0x30 ./Drivers/STM32F4xx_HAL_Driver/Src/stm32f4xx_hal_gpio.o
                0x0000000008001430                HAL_GPIO_EXTI_IRQHandler
 .text.HAL_GPIO_EXTI_Callback
                0x0000000008001460       0x16 ./Drivers/STM32F4xx_HAL_Driver/Src/stm32f4xx_hal_gpio.o
                0x0000000008001460                HAL_GPIO_EXTI_Callback
 *fill*         0x0000000008001476        0x2 
 .text.HAL_I2C_Init
                0x0000000008001478      0x288 ./Drivers/STM32F4xx_HAL_Driver/Src/stm32f4xx_hal_i2c.o
                0x0000000008001478                HAL_I2C_Init
 .text.HAL_I2C_Master_Transmit
                0x0000000008001700      0x1fc ./Drivers/STM32F4xx_HAL_Driver/Src/stm32f4xx_hal_i2c.o
                0x0000000008001700                HAL_I2C_Master_Transmit
 .text.I2C_MasterRequestWrite
                0x00000000080018fc      0x104 ./Drivers/STM32F4xx_HAL_Driver/Src/stm32f4xx_hal_i2c.o
 .text.I2C_WaitOnFlagUntilTimeout
                0x0000000008001a00       0xae ./Drivers/STM32F4xx_HAL_Driver/Src/stm32f4xx_hal_i2c.o
 .text.I2C_WaitOnMasterAddressFlagUntilTimeout
                0x0000000008001aae       0xfe ./Drivers/STM32F4xx_HAL_Driver/Src/stm32f4xx_hal_i2c.o
 .text.I2C_WaitOnTXEFlagUntilTimeout
                0x0000000008001bac       0x82 ./Drivers/STM32F4xx_HAL_Driver/Src/stm32f4xx_hal_i2c.o
 .text.I2C_WaitOnBTFFlagUntilTimeout
                0x0000000008001c2e       0x82 ./Drivers/STM32F4xx_HAL_Driver/Src/stm32f4xx_hal_i2c.o
 .text.I2C_IsAcknowledgeFailed
                0x0000000008001cb0       0x5e ./Drivers/STM32F4xx_HAL_Driver/Src/stm32f4xx_hal_i2c.o
 *fill*         0x0000000008001d0e        0x2 
 .text.HAL_RCC_OscConfig
                0x0000000008001d10      0x4f0 ./Drivers/STM32F4xx_HAL_Driver/Src/stm32f4xx_hal_rcc.o
                0x0000000008001d10                HAL_RCC_OscConfig
 .text.HAL_RCC_ClockConfig
                0x0000000008002200      0x1cc ./Drivers/STM32F4xx_HAL_Driver/Src/stm32f4xx_hal_rcc.o
                0x0000000008002200                HAL_RCC_ClockConfig
 .text.HAL_RCC_GetSysClockFreq
                0x00000000080023cc      0x18c ./Drivers/STM32F4xx_HAL_Driver/Src/stm32f4xx_hal_rcc.o
                0x00000000080023cc                HAL_RCC_GetSysClockFreq
 .text.HAL_RCC_GetHCLKFreq
                0x0000000008002558       0x18 ./Drivers/STM32F4xx_HAL_Driver/Src/stm32f4xx_hal_rcc.o
                0x0000000008002558                HAL_RCC_GetHCLKFreq
 .text.HAL_RCC_GetPCLK1Freq
                0x0000000008002570       0x28 ./Drivers/STM32F4xx_HAL_Driver/Src/stm32f4xx_hal_rcc.o
                0x0000000008002570                HAL_RCC_GetPCLK1Freq
 .text.HAL_RCC_GetPCLK2Freq
                0x0000000008002598       0x28 ./Drivers/STM32F4xx_HAL_Driver/Src/stm32f4xx_hal_rcc.o
                0x0000000008002598                HAL_RCC_GetPCLK2Freq
 .text.HAL_RCC_GetClockConfig
                0x00000000080025c0       0x64 ./Drivers/STM32F4xx_HAL_Driver/Src/stm32f4xx_hal_rcc.o
                0x00000000080025c0                HAL_RCC_GetClockConfig
 .text.HAL_SPI_Init
                0x0000000008002624      0x112 ./Drivers/STM32F4xx_HAL_Driver/Src/stm32f4xx_hal_spi.o
                0x0000000008002624                HAL_SPI_Init
 .text.HAL_TIM_Base_Init
                0x0000000008002736       0x9e ./Drivers/STM32F4xx_HAL_Driver/Src/stm32f4xx_hal_tim.o
                0x0000000008002736                HAL_TIM_Base_Init
 .text.HAL_TIM_Base_Start
                0x00000000080027d4       0xb4 ./Drivers/STM32F4xx_HAL_Driver/Src/stm32f4xx_hal_tim.o
                0x00000000080027d4                HAL_TIM_Base_Start
 .text.HAL_TIM_Base_Start_IT
                0x0000000008002888       0xc4 ./Drivers/STM32F4xx_HAL_Driver/Src/stm32f4xx_hal_tim.o
                0x0000000008002888                HAL_TIM_Base_Start_IT
 .text.HAL_TIM_IRQHandler
                0x000000000800294c      0x210 ./Drivers/STM32F4xx_HAL_Driver/Src/stm32f4xx_hal_tim.o
                0x000000000800294c                HAL_TIM_IRQHandler
 .text.HAL_TIM_ConfigClockSource
                0x0000000008002b5c      0x18e ./Drivers/STM32F4xx_HAL_Driver/Src/stm32f4xx_hal_tim.o
                0x0000000008002b5c                HAL_TIM_ConfigClockSource
 .text.HAL_TIM_OC_DelayElapsedCallback
                0x0000000008002cea       0x14 ./Drivers/STM32F4xx_HAL_Driver/Src/stm32f4xx_hal_tim.o
                0x0000000008002cea                HAL_TIM_OC_DelayElapsedCallback
 .text.HAL_TIM_IC_CaptureCallback
                0x0000000008002cfe       0x14 ./Drivers/STM32F4xx_HAL_Driver/Src/stm32f4xx_hal_tim.o
                0x0000000008002cfe                HAL_TIM_IC_CaptureCallback
 .text.HAL_TIM_PWM_PulseFinishedCallback
                0x0000000008002d12       0x14 ./Drivers/STM32F4xx_HAL_Driver/Src/stm32f4xx_hal_tim.o
                0x0000000008002d12                HAL_TIM_PWM_PulseFinishedCallback
 .text.HAL_TIM_TriggerCallback
                0x0000000008002d26       0x14 ./Drivers/STM32F4xx_HAL_Driver/Src/stm32f4xx_hal_tim.o
                0x0000000008002d26                HAL_TIM_TriggerCallback
 *fill*         0x0000000008002d3a        0x2 
 .text.TIM_Base_SetConfig
                0x0000000008002d3c      0x100 ./Drivers/STM32F4xx_HAL_Driver/Src/stm32f4xx_hal_tim.o
                0x0000000008002d3c                TIM_Base_SetConfig
 .text.TIM_TI1_ConfigInputStage
                0x0000000008002e3c       0x5e ./Drivers/STM32F4xx_HAL_Driver/Src/stm32f4xx_hal_tim.o
 .text.TIM_TI2_ConfigInputStage
                0x0000000008002e9a       0x60 ./Drivers/STM32F4xx_HAL_Driver/Src/stm32f4xx_hal_tim.o
 .text.TIM_ITRx_SetConfig
                0x0000000008002efa       0x36 ./Drivers/STM32F4xx_HAL_Driver/Src/stm32f4xx_hal_tim.o
 .text.TIM_ETR_SetConfig
                0x0000000008002f30       0x40 ./Drivers/STM32F4xx_HAL_Driver/Src/stm32f4xx_hal_tim.o
                0x0000000008002f30                TIM_ETR_SetConfig
 .text.HAL_TIMEx_MasterConfigSynchronization
                0x0000000008002f70       0xdc ./Drivers/STM32F4xx_HAL_Driver/Src/stm32f4xx_hal_tim_ex.o
                0x0000000008002f70                HAL_TIMEx_MasterConfigSynchronization
 .text.HAL_TIMEx_CommutCallback
                0x000000000800304c       0x14 ./Drivers/STM32F4xx_HAL_Driver/Src/stm32f4xx_hal_tim_ex.o
                0x000000000800304c                HAL_TIMEx_CommutCallback
 .text.HAL_TIMEx_BreakCallback
                0x0000000008003060       0x14 ./Drivers/STM32F4xx_HAL_Driver/Src/stm32f4xx_hal_tim_ex.o
                0x0000000008003060                HAL_TIMEx_BreakCallback
 .text.HAL_UART_Init
                0x0000000008003074       0x9a ./Drivers/STM32F4xx_HAL_Driver/Src/stm32f4xx_hal_uart.o
                0x0000000008003074                HAL_UART_Init
 *fill*         0x000000000800310e        0x2 
 .text.UART_SetConfig
                0x0000000008003110      0x4e8 ./Drivers/STM32F4xx_HAL_Driver/Src/stm32f4xx_hal_uart.o
 .text.makeFreeRtosPriority
                0x00000000080035f8       0x30 ./Middlewares/Third_Party/FreeRTOS/Source/CMSIS_RTOS/cmsis_os.o
 .text.osKernelStart
                0x0000000008003628        0xe ./Middlewares/Third_Party/FreeRTOS/Source/CMSIS_RTOS/cmsis_os.o
                0x0000000008003628                osKernelStart
 .text.osThreadCreate
                0x0000000008003636       0x98 ./Middlewares/Third_Party/FreeRTOS/Source/CMSIS_RTOS/cmsis_os.o
                0x0000000008003636                osThreadCreate
 .text.osDelay  0x00000000080036ce       0x28 ./Middlewares/Third_Party/FreeRTOS/Source/CMSIS_RTOS/cmsis_os.o
                0x00000000080036ce                osDelay
 .text.vListInitialise
                0x00000000080036f6       0x40 ./Middlewares/Third_Party/FreeRTOS/Source/list.o
                0x00000000080036f6                vListInitialise
 .text.vListInitialiseItem
                0x0000000008003736       0x1a ./Middlewares/Third_Party/FreeRTOS/Source/list.o
                0x0000000008003736                vListInitialiseItem
 .text.vListInsertEnd
                0x0000000008003750       0x48 ./Middlewares/Third_Party/FreeRTOS/Source/list.o
                0x0000000008003750                vListInsertEnd
 .text.vListInsert
                0x0000000008003798       0x72 ./Middlewares/Third_Party/FreeRTOS/Source/list.o
                0x0000000008003798                vListInsert
 .text.uxListRemove
                0x000000000800380a       0x54 ./Middlewares/Third_Party/FreeRTOS/Source/list.o
                0x000000000800380a                uxListRemove
 .text.xTaskCreateStatic
                0x000000000800385e       0xba ./Middlewares/Third_Party/FreeRTOS/Source/tasks.o
                0x000000000800385e                xTaskCreateStatic
 .text.xTaskCreate
                0x0000000008003918       0x8a ./Middlewares/Third_Party/FreeRTOS/Source/tasks.o
                0x0000000008003918                xTaskCreate
 *fill*         0x00000000080039a2        0x2 
 .text.prvInitialiseNewTask
                0x00000000080039a4      0x13c ./Middlewares/Third_Party/FreeRTOS/Source/tasks.o
 .text.prvAddNewTaskToReadyList
                0x0000000008003ae0       0xd4 ./Middlewares/Third_Party/FreeRTOS/Source/tasks.o
 .text.vTaskDelay
                0x0000000008003bb4       0x68 ./Middlewares/Third_Party/FreeRTOS/Source/tasks.o
                0x0000000008003bb4                vTaskDelay
 .text.vTaskStartScheduler
                0x0000000008003c1c       0xd4 ./Middlewares/Third_Party/FreeRTOS/Source/tasks.o
                0x0000000008003c1c                vTaskStartScheduler
 .text.vTaskSuspendAll
                0x0000000008003cf0       0x1c ./Middlewares/Third_Party/FreeRTOS/Source/tasks.o
                0x0000000008003cf0                vTaskSuspendAll
 .text.xTaskResumeAll
                0x0000000008003d0c      0x138 ./Middlewares/Third_Party/FreeRTOS/Source/tasks.o
                0x0000000008003d0c                xTaskResumeAll
 .text.xTaskIncrementTick
                0x0000000008003e44      0x170 ./Middlewares/Third_Party/FreeRTOS/Source/tasks.o
                0x0000000008003e44                xTaskIncrementTick
 .text.vTaskSwitchContext
                0x0000000008003fb4       0xc4 ./Middlewares/Third_Party/FreeRTOS/Source/tasks.o
                0x0000000008003fb4                vTaskSwitchContext
 .text.prvIdleTask
                0x0000000008004078       0x30 ./Middlewares/Third_Party/FreeRTOS/Source/tasks.o
 .text.prvInitialiseTaskLists
                0x00000000080040a8       0x80 ./Middlewares/Third_Party/FreeRTOS/Source/tasks.o
 .text.prvCheckTasksWaitingTermination
                0x0000000008004128       0x5c ./Middlewares/Third_Party/FreeRTOS/Source/tasks.o
 .text.prvDeleteTCB
                0x0000000008004184       0x68 ./Middlewares/Third_Party/FreeRTOS/Source/tasks.o
 .text.prvResetNextTaskUnblockTime
                0x00000000080041ec       0x40 ./Middlewares/Third_Party/FreeRTOS/Source/tasks.o
 .text.prvAddCurrentTaskToDelayedList
                0x000000000800422c       0xcc ./Middlewares/Third_Party/FreeRTOS/Source/tasks.o
 .text.pxPortInitialiseStack
                0x00000000080042f8       0x68 ./Middlewares/Third_Party/FreeRTOS/Source/portable/GCC/ARM_CM4F/port.o
                0x00000000080042f8                pxPortInitialiseStack
 .text.prvTaskExitError
                0x0000000008004360       0x58 ./Middlewares/Third_Party/FreeRTOS/Source/portable/GCC/ARM_CM4F/port.o
 *fill*         0x00000000080043b8        0x8 
 .text.SVC_Handler
                0x00000000080043c0       0x28 ./Middlewares/Third_Party/FreeRTOS/Source/portable/GCC/ARM_CM4F/port.o
                0x00000000080043c0                SVC_Handler
 .text.prvPortStartFirstTask
                0x00000000080043e8       0x28 ./Middlewares/Third_Party/FreeRTOS/Source/portable/GCC/ARM_CM4F/port.o
 .text.xPortStartScheduler
                0x0000000008004410      0x144 ./Middlewares/Third_Party/FreeRTOS/Source/portable/GCC/ARM_CM4F/port.o
                0x0000000008004410                xPortStartScheduler
 .text.vPortEnterCritical
                0x0000000008004554       0x60 ./Middlewares/Third_Party/FreeRTOS/Source/portable/GCC/ARM_CM4F/port.o
                0x0000000008004554                vPortEnterCritical
 .text.vPortExitCritical
                0x00000000080045b4       0x54 ./Middlewares/Third_Party/FreeRTOS/Source/portable/GCC/ARM_CM4F/port.o
                0x00000000080045b4                vPortExitCritical
 *fill*         0x0000000008004608        0x8 
 .text.PendSV_Handler
                0x0000000008004610       0x68 ./Middlewares/Third_Party/FreeRTOS/Source/portable/GCC/ARM_CM4F/port.o
                0x0000000008004610                PendSV_Handler
 .text.SysTick_Handler
                0x0000000008004678       0x44 ./Middlewares/Third_Party/FreeRTOS/Source/portable/GCC/ARM_CM4F/port.o
                0x0000000008004678                SysTick_Handler
 .text.vPortSetupTimerInterrupt
                0x00000000080046bc       0x48 ./Middlewares/Third_Party/FreeRTOS/Source/portable/GCC/ARM_CM4F/port.o
                0x00000000080046bc                vPortSetupTimerInterrupt
 .text.vPortEnableVFP
                0x0000000008004704       0x14 ./Middlewares/Third_Party/FreeRTOS/Source/portable/GCC/ARM_CM4F/port.o
 .text.pvPortMalloc
                0x0000000008004718      0x198 ./Middlewares/Third_Party/FreeRTOS/Source/portable/MemMang/heap_4.o
                0x0000000008004718                pvPortMalloc
 .text.vPortFree
                0x00000000080048b0       0xc4 ./Middlewares/Third_Party/FreeRTOS/Source/portable/MemMang/heap_4.o
                0x00000000080048b0                vPortFree
 .text.prvHeapInit
                0x0000000008004974       0xc4 ./Middlewares/Third_Party/FreeRTOS/Source/portable/MemMang/heap_4.o
 .text.prvInsertBlockIntoFreeList
                0x0000000008004a38       0xb4 ./Middlewares/Third_Party/FreeRTOS/Source/portable/MemMang/heap_4.o
 .text.D2B      0x0000000008004aec       0x48 ./User_Libs/Src/DS3231.o
 .text.ds3231_setTime
                0x0000000008004b34       0x94 ./User_Libs/Src/DS3231.o
                0x0000000008004b34                ds3231_setTime
 .text.PIN_LOW  0x0000000008004bc8       0x20 ./User_Libs/Src/TFT.o
                0x0000000008004bc8                PIN_LOW
 .text.PIN_HIGH
                0x0000000008004be8       0x20 ./User_Libs/Src/TFT.o
                0x0000000008004be8                PIN_HIGH
 .text.PIN_INPUT
                0x0000000008004c08       0x2c ./User_Libs/Src/TFT.o
                0x0000000008004c08                PIN_INPUT
 .text.PIN_OUTPUT
                0x0000000008004c34       0x30 ./User_Libs/Src/TFT.o
                0x0000000008004c34                PIN_OUTPUT
 .text.width    0x0000000008004c64       0x18 ./User_Libs/Src/TFT.o
                0x0000000008004c64                width
 .text.height   0x0000000008004c7c       0x18 ./User_Libs/Src/TFT.o
                0x0000000008004c7c                height
 .text.color565_to_555
                0x0000000008004c94       0x40 ./User_Libs/Src/TFT.o
 .text.color555_to_565
                0x0000000008004cd4       0x42 ./User_Libs/Src/TFT.o
 .text.color565_to_r
                0x0000000008004d16       0x22 ./User_Libs/Src/TFT.o
 .text.color565_to_g
                0x0000000008004d38       0x22 ./User_Libs/Src/TFT.o
 .text.color565_to_b
                0x0000000008004d5a       0x1c ./User_Libs/Src/TFT.o
 .text.color565
                0x0000000008004d76       0x4c ./User_Libs/Src/TFT.o
                0x0000000008004d76                color565
 .text.readPixel
                0x0000000008004dc2       0x30 ./User_Libs/Src/TFT.o
                0x0000000008004dc2                readPixel
 .text.WriteCmdData
                0x0000000008004df2       0x24 ./User_Libs/Src/TFT.o
                0x0000000008004df2                WriteCmdData
 .text.pushCommand
                0x0000000008004e16       0x26 ./User_Libs/Src/TFT.o
                0x0000000008004e16                pushCommand
 .text.delay    0x0000000008004e3c       0x30 ./User_Libs/Src/TFT.o
                0x0000000008004e3c                delay
 .text.setReadDir
                0x0000000008004e6c       0x60 ./User_Libs/Src/TFT.o
                0x0000000008004e6c                setReadDir
 .text.setWriteDir
                0x0000000008004ecc       0x60 ./User_Libs/Src/TFT.o
                0x0000000008004ecc                setWriteDir
 .text.write24  0x0000000008004f2c      0x19c ./User_Libs/Src/TFT.o
 .text.writecmddata
                0x00000000080050c8      0x228 ./User_Libs/Src/TFT.o
 .text.WriteCmdParamN
                0x00000000080052f0      0x2e8 ./User_Libs/Src/TFT.o
 .text.WriteCmdParam4
                0x00000000080055d8       0x48 ./User_Libs/Src/TFT.o
 .text.init_table
                0x0000000008005620       0xb2 ./User_Libs/Src/TFT.o
 .text.init_table16
                0x00000000080056d2       0x60 ./User_Libs/Src/TFT.o
 *fill*         0x0000000008005732        0x2 
 .text.reset    0x0000000008005734       0x98 ./User_Libs/Src/TFT.o
                0x0000000008005734                reset
 .text.read16bits
                0x00000000080057cc      0x1e0 ./User_Libs/Src/TFT.o
 .text.readReg  0x00000000080059ac      0x174 ./User_Libs/Src/TFT.o
                0x00000000080059ac                readReg
 .text.readReg32
                0x0000000008005b20       0x36 ./User_Libs/Src/TFT.o
                0x0000000008005b20                readReg32
 .text.readReg40
                0x0000000008005b56       0x4e ./User_Libs/Src/TFT.o
                0x0000000008005b56                readReg40
 .text.tft_init
                0x0000000008005ba4      0x7e8 ./User_Libs/Src/TFT.o
                0x0000000008005ba4                tft_init
 .text.readID   0x000000000800638c      0x280 ./User_Libs/Src/TFT.o
                0x000000000800638c                readID
 .text.readGRAM
                0x000000000800660c      0xb84 ./User_Libs/Src/TFT.o
                0x000000000800660c                readGRAM
 .text.setRotation
                0x0000000008007190      0x5bc ./User_Libs/Src/TFT.o
                0x0000000008007190                setRotation
 .text.drawPixel
                0x000000000800774c      0x1c8 ./User_Libs/Src/TFT.o
                0x000000000800774c                drawPixel
 .text.setAddrWindow
                0x0000000008007914      0x248 ./User_Libs/Src/TFT.o
                0x0000000008007914                setAddrWindow
 .text.vertScroll
                0x0000000008007b5c      0x294 ./User_Libs/Src/TFT.o
                0x0000000008007b5c                vertScroll
 .text.fillScreen
                0x0000000008007df0       0x34 ./User_Libs/Src/TFT.o
                0x0000000008007df0                fillScreen
 .text.invertDisplay
                0x0000000008007e24      0x14c ./User_Libs/Src/TFT.o
                0x0000000008007e24                invertDisplay
 .text.fillRect
                0x0000000008007f70      0x3bc ./User_Libs/Src/TFT.o
                0x0000000008007f70                fillRect
 .text.__libc_init_array
                0x000000000800832c       0x48 /opt/st/stm32cubeide_1.11.0/plugins/com.st.stm32cube.ide.mcu.externaltools.gnu-tools-for-stm32.10.3-2021.10.linux64_1.0.100.202210260954/tools/bin/../lib/gcc/arm-none-eabi/10.3.1/../../../../arm-none-eabi/lib/thumb/v7e-m+fp/hard/libc_nano.a(lib_a-init.o)
                0x000000000800832c                __libc_init_array
 .text.__retarget_lock_acquire_recursive
                0x0000000008008374        0x2 /opt/st/stm32cubeide_1.11.0/plugins/com.st.stm32cube.ide.mcu.externaltools.gnu-tools-for-stm32.10.3-2021.10.linux64_1.0.100.202210260954/tools/bin/../lib/gcc/arm-none-eabi/10.3.1/../../../../arm-none-eabi/lib/thumb/v7e-m+fp/hard/libc_nano.a(lib_a-lock.o)
                0x0000000008008374                __retarget_lock_acquire_recursive
 .text.__retarget_lock_release_recursive
                0x0000000008008376        0x2 /opt/st/stm32cubeide_1.11.0/plugins/com.st.stm32cube.ide.mcu.externaltools.gnu-tools-for-stm32.10.3-2021.10.linux64_1.0.100.202210260954/tools/bin/../lib/gcc/arm-none-eabi/10.3.1/../../../../arm-none-eabi/lib/thumb/v7e-m+fp/hard/libc_nano.a(lib_a-lock.o)
                0x0000000008008376                __retarget_lock_release_recursive
 .text.memset   0x0000000008008378       0x10 /opt/st/stm32cubeide_1.11.0/plugins/com.st.stm32cube.ide.mcu.externaltools.gnu-tools-for-stm32.10.3-2021.10.linux64_1.0.100.202210260954/tools/bin/../lib/gcc/arm-none-eabi/10.3.1/../../../../arm-none-eabi/lib/thumb/v7e-m+fp/hard/libc_nano.a(lib_a-memset.o)
                0x0000000008008378                memset
 .text.cleanup_glue
                0x0000000008008388       0x1a /opt/st/stm32cubeide_1.11.0/plugins/com.st.stm32cube.ide.mcu.externaltools.gnu-tools-for-stm32.10.3-2021.10.linux64_1.0.100.202210260954/tools/bin/../lib/gcc/arm-none-eabi/10.3.1/../../../../arm-none-eabi/lib/thumb/v7e-m+fp/hard/libc_nano.a(lib_a-reent.o)
                0x0000000008008388                cleanup_glue
 *fill*         0x00000000080083a2        0x2 
 .text._reclaim_reent
                0x00000000080083a4       0xb8 /opt/st/stm32cubeide_1.11.0/plugins/com.st.stm32cube.ide.mcu.externaltools.gnu-tools-for-stm32.10.3-2021.10.linux64_1.0.100.202210260954/tools/bin/../lib/gcc/arm-none-eabi/10.3.1/../../../../arm-none-eabi/lib/thumb/v7e-m+fp/hard/libc_nano.a(lib_a-reent.o)
                0x00000000080083a4                _reclaim_reent
 .text.__malloc_lock
                0x000000000800845c        0xc /opt/st/stm32cubeide_1.11.0/plugins/com.st.stm32cube.ide.mcu.externaltools.gnu-tools-for-stm32.10.3-2021.10.linux64_1.0.100.202210260954/tools/bin/../lib/gcc/arm-none-eabi/10.3.1/../../../../arm-none-eabi/lib/thumb/v7e-m+fp/hard/libc_nano.a(lib_a-mlock.o)
                0x000000000800845c                __malloc_lock
 .text.__malloc_unlock
                0x0000000008008468        0xc /opt/st/stm32cubeide_1.11.0/plugins/com.st.stm32cube.ide.mcu.externaltools.gnu-tools-for-stm32.10.3-2021.10.linux64_1.0.100.202210260954/tools/bin/../lib/gcc/arm-none-eabi/10.3.1/../../../../arm-none-eabi/lib/thumb/v7e-m+fp/hard/libc_nano.a(lib_a-mlock.o)
                0x0000000008008468                __malloc_unlock
 .text._free_r  0x0000000008008474       0x98 /opt/st/stm32cubeide_1.11.0/plugins/com.st.stm32cube.ide.mcu.externaltools.gnu-tools-for-stm32.10.3-2021.10.linux64_1.0.100.202210260954/tools/bin/../lib/gcc/arm-none-eabi/10.3.1/../../../../arm-none-eabi/lib/thumb/v7e-m+fp/hard/libc_nano.a(lib_a-nano-freer.o)
                0x0000000008008474                _free_r
 *(.glue_7)
 .glue_7        0x000000000800850c        0x0 linker stubs
 *(.glue_7t)
 .glue_7t       0x000000000800850c        0x0 linker stubs
 *(.eh_frame)
 .eh_frame      0x000000000800850c        0x0 /opt/st/stm32cubeide_1.11.0/plugins/com.st.stm32cube.ide.mcu.externaltools.gnu-tools-for-stm32.10.3-2021.10.linux64_1.0.100.202210260954/tools/bin/../lib/gcc/arm-none-eabi/10.3.1/thumb/v7e-m+fp/hard/crtbegin.o
 *(.init)
 .init          0x000000000800850c        0x4 /opt/st/stm32cubeide_1.11.0/plugins/com.st.stm32cube.ide.mcu.externaltools.gnu-tools-for-stm32.10.3-2021.10.linux64_1.0.100.202210260954/tools/bin/../lib/gcc/arm-none-eabi/10.3.1/thumb/v7e-m+fp/hard/crti.o
                0x000000000800850c                _init
 .init          0x0000000008008510        0x8 /opt/st/stm32cubeide_1.11.0/plugins/com.st.stm32cube.ide.mcu.externaltools.gnu-tools-for-stm32.10.3-2021.10.linux64_1.0.100.202210260954/tools/bin/../lib/gcc/arm-none-eabi/10.3.1/thumb/v7e-m+fp/hard/crtn.o
 *(.fini)
 .fini          0x0000000008008518        0x4 /opt/st/stm32cubeide_1.11.0/plugins/com.st.stm32cube.ide.mcu.externaltools.gnu-tools-for-stm32.10.3-2021.10.linux64_1.0.100.202210260954/tools/bin/../lib/gcc/arm-none-eabi/10.3.1/thumb/v7e-m+fp/hard/crti.o
                0x0000000008008518                _fini
 .fini          0x000000000800851c        0x8 /opt/st/stm32cubeide_1.11.0/plugins/com.st.stm32cube.ide.mcu.externaltools.gnu-tools-for-stm32.10.3-2021.10.linux64_1.0.100.202210260954/tools/bin/../lib/gcc/arm-none-eabi/10.3.1/thumb/v7e-m+fp/hard/crtn.o
                0x0000000008008524                . = ALIGN (0x4)
                0x0000000008008524                _etext = .

.vfp11_veneer   0x0000000008008524        0x0
 .vfp11_veneer  0x0000000008008524        0x0 linker stubs

.v4_bx          0x0000000008008524        0x0
 .v4_bx         0x0000000008008524        0x0 linker stubs

.iplt           0x0000000008008524        0x0
 .iplt          0x0000000008008524        0x0 /opt/st/stm32cubeide_1.11.0/plugins/com.st.stm32cube.ide.mcu.externaltools.gnu-tools-for-stm32.10.3-2021.10.linux64_1.0.100.202210260954/tools/bin/../lib/gcc/arm-none-eabi/10.3.1/thumb/v7e-m+fp/hard/crtbegin.o

.rodata         0x0000000008008524      0x7a8
                0x0000000008008524                . = ALIGN (0x4)
 *(.rodata)
 .rodata        0x0000000008008524       0x54 ./Core/Src/main.o
 .rodata        0x0000000008008578        0x5 ./Middlewares/Third_Party/FreeRTOS/Source/tasks.o
 *fill*         0x000000000800857d        0x3 
 .rodata        0x0000000008008580        0x3 ./User_Libs/Src/TFT.o
 *(.rodata*)
 *fill*         0x0000000008008583        0x1 
 .rodata.AHBPrescTable
                0x0000000008008584       0x10 ./Core/Src/system_stm32f4xx.o
                0x0000000008008584                AHBPrescTable
 .rodata.APBPrescTable
                0x0000000008008594        0x8 ./Core/Src/system_stm32f4xx.o
                0x0000000008008594                APBPrescTable
 .rodata.S6D0154_regValues.31
                0x000000000800859c       0x9c ./User_Libs/Src/TFT.o
 .rodata.R61511_regValues.30
                0x0000000008008638        0x3 ./User_Libs/Src/TFT.o
 *fill*         0x000000000800863b        0x1 
 .rodata.R61520_regValues.29
                0x000000000800863c        0x6 ./User_Libs/Src/TFT.o
 *fill*         0x0000000008008642        0x2 
 .rodata.R61526_regValues.28
                0x0000000008008644        0xc ./User_Libs/Src/TFT.o
 .rodata.LGDP4535_regValues.27
                0x0000000008008650       0x9c ./User_Libs/Src/TFT.o
 .rodata.NT35310_regValues.26
                0x00000000080086ec        0x2 ./User_Libs/Src/TFT.o
 *fill*         0x00000000080086ee        0x2 
 .rodata.RM68140_regValues_max.25
                0x00000000080086f0        0x3 ./User_Libs/Src/TFT.o
 *fill*         0x00000000080086f3        0x1 
 .rodata.ST7781_regValues.24
                0x00000000080086f4       0x90 ./User_Libs/Src/TFT.o
 .rodata.ST7789_regValues.23
                0x0000000008008784       0x41 ./User_Libs/Src/TFT.o
 *fill*         0x00000000080087c5        0x3 
 .rodata.FK8031_regValues.22
                0x00000000080087c8       0x12 ./User_Libs/Src/TFT.o
 *fill*         0x00000000080087da        0x2 
 .rodata.HX8357C_regValues.21
                0x00000000080087dc        0x2 ./User_Libs/Src/TFT.o
 *fill*         0x00000000080087de        0x2 
 .rodata.HX8357_99_regValues.20
                0x00000000080087e0       0x1d ./User_Libs/Src/TFT.o
 *fill*         0x00000000080087fd        0x3 
 .rodata.ILI9320_regValues.19
                0x0000000008008800       0xd8 ./User_Libs/Src/TFT.o
 .rodata.ILI9325_regValues.18
                0x00000000080088d8       0xcc ./User_Libs/Src/TFT.o
 .rodata.ILI9327_regValues.17
                0x00000000080089a4       0x1e ./User_Libs/Src/TFT.o
 *fill*         0x00000000080089c2        0x2 
 .rodata.XX1602_regValues.16
                0x00000000080089c4        0x6 ./User_Libs/Src/TFT.o
 *fill*         0x00000000080089ca        0x2 
 .rodata.ILI9329_regValues.15
                0x00000000080089cc        0x3 ./User_Libs/Src/TFT.o
 *fill*         0x00000000080089cf        0x1 
 .rodata.ILI9341_regValues_2_4.14
                0x00000000080089d0       0x65 ./User_Libs/Src/TFT.o
 *fill*         0x0000000008008a35        0x3 
 .rodata.ILI9481_regValues.13
                0x0000000008008a38       0x45 ./User_Libs/Src/TFT.o
 *fill*         0x0000000008008a7d        0x3 
 .rodata.ILI9486_regValues.12
                0x0000000008008a80       0x3b ./User_Libs/Src/TFT.o
 *fill*         0x0000000008008abb        0x1 
 .rodata.ILI9488_regValues_max.11
                0x0000000008008abc       0x2b ./User_Libs/Src/TFT.o
 *fill*         0x0000000008008ae7        0x1 
 .rodata.R61505V_regValues.10
                0x0000000008008ae8       0xb0 ./User_Libs/Src/TFT.o
 .rodata.R61509V_regValues.9
                0x0000000008008b98       0xc0 ./User_Libs/Src/TFT.o
 .rodata.reset_off.8
                0x0000000008008c58        0x9 ./User_Libs/Src/TFT.o
 *fill*         0x0000000008008c61        0x3 
 .rodata.wake_on.7
                0x0000000008008c64        0x6 ./User_Libs/Src/TFT.o
 *fill*         0x0000000008008c6a        0x2 
 .rodata.__sf_fake_stderr
                0x0000000008008c6c       0x20 /opt/st/stm32cubeide_1.11.0/plugins/com.st.stm32cube.ide.mcu.externaltools.gnu-tools-for-stm32.10.3-2021.10.linux64_1.0.100.202210260954/tools/bin/../lib/gcc/arm-none-eabi/10.3.1/../../../../arm-none-eabi/lib/thumb/v7e-m+fp/hard/libc_nano.a(lib_a-findfp.o)
                0x0000000008008c6c                __sf_fake_stderr
 .rodata.__sf_fake_stdin
                0x0000000008008c8c       0x20 /opt/st/stm32cubeide_1.11.0/plugins/com.st.stm32cube.ide.mcu.externaltools.gnu-tools-for-stm32.10.3-2021.10.linux64_1.0.100.202210260954/tools/bin/../lib/gcc/arm-none-eabi/10.3.1/../../../../arm-none-eabi/lib/thumb/v7e-m+fp/hard/libc_nano.a(lib_a-findfp.o)
                0x0000000008008c8c                __sf_fake_stdin
 .rodata.__sf_fake_stdout
                0x0000000008008cac       0x20 /opt/st/stm32cubeide_1.11.0/plugins/com.st.stm32cube.ide.mcu.externaltools.gnu-tools-for-stm32.10.3-2021.10.linux64_1.0.100.202210260954/tools/bin/../lib/gcc/arm-none-eabi/10.3.1/../../../../arm-none-eabi/lib/thumb/v7e-m+fp/hard/libc_nano.a(lib_a-findfp.o)
                0x0000000008008cac                __sf_fake_stdout
                0x0000000008008ccc                . = ALIGN (0x4)

.ARM.extab      0x0000000008008ccc        0x0
                0x0000000008008ccc                . = ALIGN (0x4)
 *(.ARM.extab* .gnu.linkonce.armextab.*)
                0x0000000008008ccc                . = ALIGN (0x4)

.ARM            0x0000000008008ccc        0x8
                0x0000000008008ccc                . = ALIGN (0x4)
                0x0000000008008ccc                __exidx_start = .
 *(.ARM.exidx*)
 .ARM.exidx     0x0000000008008ccc        0x8 /opt/st/stm32cubeide_1.11.0/plugins/com.st.stm32cube.ide.mcu.externaltools.gnu-tools-for-stm32.10.3-2021.10.linux64_1.0.100.202210260954/tools/bin/../lib/gcc/arm-none-eabi/10.3.1/thumb/v7e-m+fp/hard/libgcc.a(_udivmoddi4.o)
                0x0000000008008cd4                __exidx_end = .
                0x0000000008008cd4                . = ALIGN (0x4)

.rel.dyn        0x0000000008008cd4        0x0
 .rel.iplt      0x0000000008008cd4        0x0 /opt/st/stm32cubeide_1.11.0/plugins/com.st.stm32cube.ide.mcu.externaltools.gnu-tools-for-stm32.10.3-2021.10.linux64_1.0.100.202210260954/tools/bin/../lib/gcc/arm-none-eabi/10.3.1/thumb/v7e-m+fp/hard/crtbegin.o

.preinit_array  0x0000000008008cd4        0x0
                0x0000000008008cd4                . = ALIGN (0x4)
                0x0000000008008cd4                PROVIDE (__preinit_array_start = .)
 *(.preinit_array*)
                0x0000000008008cd4                PROVIDE (__preinit_array_end = .)
                0x0000000008008cd4                . = ALIGN (0x4)

.init_array     0x0000000008008cd4        0x4
                0x0000000008008cd4                . = ALIGN (0x4)
                0x0000000008008cd4                PROVIDE (__init_array_start = .)
 *(SORT_BY_NAME(.init_array.*))
 *(.init_array*)
 .init_array    0x0000000008008cd4        0x4 /opt/st/stm32cubeide_1.11.0/plugins/com.st.stm32cube.ide.mcu.externaltools.gnu-tools-for-stm32.10.3-2021.10.linux64_1.0.100.202210260954/tools/bin/../lib/gcc/arm-none-eabi/10.3.1/thumb/v7e-m+fp/hard/crtbegin.o
                0x0000000008008cd8                PROVIDE (__init_array_end = .)
                0x0000000008008cd8                . = ALIGN (0x4)

.fini_array     0x0000000008008cd8        0x4
                0x0000000008008cd8                . = ALIGN (0x4)
                [!provide]                        PROVIDE (__fini_array_start = .)
 *(SORT_BY_NAME(.fini_array.*))
 *(.fini_array*)
 .fini_array    0x0000000008008cd8        0x4 /opt/st/stm32cubeide_1.11.0/plugins/com.st.stm32cube.ide.mcu.externaltools.gnu-tools-for-stm32.10.3-2021.10.linux64_1.0.100.202210260954/tools/bin/../lib/gcc/arm-none-eabi/10.3.1/thumb/v7e-m+fp/hard/crtbegin.o
                [!provide]                        PROVIDE (__fini_array_end = .)
                0x0000000008008cdc                . = ALIGN (0x4)
                0x0000000008008cdc                _sidata = LOADADDR (.data)

.data           0x0000000020000000       0x84 load address 0x0000000008008cdc
                0x0000000020000000                . = ALIGN (0x4)
                0x0000000020000000                _sdata = .
 *(.data)
 *(.data*)
 .data.time     0x0000000020000000        0xc ./Core/Src/main.o
                0x0000000020000000                time
 .data.SystemCoreClock
                0x000000002000000c        0x4 ./Core/Src/system_stm32f4xx.o
                0x000000002000000c                SystemCoreClock
 .data.uwTickPrio
                0x0000000020000010        0x4 ./Drivers/STM32F4xx_HAL_Driver/Src/stm32f4xx_hal.o
                0x0000000020000010                uwTickPrio
 .data.uwTickFreq
                0x0000000020000014        0x1 ./Drivers/STM32F4xx_HAL_Driver/Src/stm32f4xx_hal.o
                0x0000000020000014                uwTickFreq
 *fill*         0x0000000020000015        0x3 
 .data.uxCriticalNesting
                0x0000000020000018        0x4 ./Middlewares/Third_Party/FreeRTOS/Source/portable/GCC/ARM_CM4F/port.o
 .data._width   0x000000002000001c        0x2 ./User_Libs/Src/TFT.o
                0x000000002000001c                _width
 .data._height  0x000000002000001e        0x2 ./User_Libs/Src/TFT.o
                0x000000002000001e                _height
 .data._impure_ptr
                0x0000000020000020        0x4 /opt/st/stm32cubeide_1.11.0/plugins/com.st.stm32cube.ide.mcu.externaltools.gnu-tools-for-stm32.10.3-2021.10.linux64_1.0.100.202210260954/tools/bin/../lib/gcc/arm-none-eabi/10.3.1/../../../../arm-none-eabi/lib/thumb/v7e-m+fp/hard/libc_nano.a(lib_a-impure.o)
                0x0000000020000020                _impure_ptr
 .data.impure_data
                0x0000000020000024       0x60 /opt/st/stm32cubeide_1.11.0/plugins/com.st.stm32cube.ide.mcu.externaltools.gnu-tools-for-stm32.10.3-2021.10.linux64_1.0.100.202210260954/tools/bin/../lib/gcc/arm-none-eabi/10.3.1/../../../../arm-none-eabi/lib/thumb/v7e-m+fp/hard/libc_nano.a(lib_a-impure.o)
 *(.RamFunc)
 *(.RamFunc*)
                0x0000000020000084                . = ALIGN (0x4)
                0x0000000020000084                _edata = .

.igot.plt       0x0000000020000084        0x0 load address 0x0000000008008d60
 .igot.plt      0x0000000020000084        0x0 /opt/st/stm32cubeide_1.11.0/plugins/com.st.stm32cube.ide.mcu.externaltools.gnu-tools-for-stm32.10.3-2021.10.linux64_1.0.100.202210260954/tools/bin/../lib/gcc/arm-none-eabi/10.3.1/thumb/v7e-m+fp/hard/crtbegin.o
                0x0000000020000084                . = ALIGN (0x4)

.bss            0x0000000020000084     0x41d8 load address 0x0000000008008d60
                0x0000000020000084                _sbss = .
                0x0000000020000084                __bss_start__ = _sbss
 *(.bss)
 .bss           0x0000000020000084       0x1c /opt/st/stm32cubeide_1.11.0/plugins/com.st.stm32cube.ide.mcu.externaltools.gnu-tools-for-stm32.10.3-2021.10.linux64_1.0.100.202210260954/tools/bin/../lib/gcc/arm-none-eabi/10.3.1/thumb/v7e-m+fp/hard/crtbegin.o
 *(.bss*)
 .bss.xIdleTaskTCBBuffer
                0x00000000200000a0       0xb4 ./Core/Src/freertos.o
 .bss.xIdleStack
                0x0000000020000154      0x200 ./Core/Src/freertos.o
 .bss.hi2c1     0x0000000020000354       0x54 ./Core/Src/main.o
                0x0000000020000354                hi2c1
 .bss.hspi1     0x00000000200003a8       0x58 ./Core/Src/main.o
                0x00000000200003a8                hspi1
 .bss.htim1     0x0000000020000400       0x48 ./Core/Src/main.o
                0x0000000020000400                htim1
 .bss.huart2    0x0000000020000448       0x44 ./Core/Src/main.o
                0x0000000020000448                huart2
 .bss.KeyMatrix_TaskHandle
                0x000000002000048c        0x4 ./Core/Src/main.o
                0x000000002000048c                KeyMatrix_TaskHandle
 .bss.TFT_TaskHandle
                0x0000000020000490        0x4 ./Core/Src/main.o
                0x0000000020000490                TFT_TaskHandle
 .bss.ID        0x0000000020000494        0x2 ./Core/Src/main.o
                0x0000000020000494                ID
 *fill*         0x0000000020000496        0x2 
 .bss.htim2     0x0000000020000498       0x48 ./Core/Src/stm32f4xx_hal_timebase_tim.o
                0x0000000020000498                htim2
 .bss.uwTick    0x00000000200004e0        0x4 ./Drivers/STM32F4xx_HAL_Driver/Src/stm32f4xx_hal.o
                0x00000000200004e0                uwTick
 .bss.pxCurrentTCB
                0x00000000200004e4        0x4 ./Middlewares/Third_Party/FreeRTOS/Source/tasks.o
                0x00000000200004e4                pxCurrentTCB
 .bss.pxReadyTasksLists
                0x00000000200004e8       0x8c ./Middlewares/Third_Party/FreeRTOS/Source/tasks.o
 .bss.xDelayedTaskList1
                0x0000000020000574       0x14 ./Middlewares/Third_Party/FreeRTOS/Source/tasks.o
 .bss.xDelayedTaskList2
                0x0000000020000588       0x14 ./Middlewares/Third_Party/FreeRTOS/Source/tasks.o
 .bss.pxDelayedTaskList
                0x000000002000059c        0x4 ./Middlewares/Third_Party/FreeRTOS/Source/tasks.o
 .bss.pxOverflowDelayedTaskList
                0x00000000200005a0        0x4 ./Middlewares/Third_Party/FreeRTOS/Source/tasks.o
 .bss.xPendingReadyList
                0x00000000200005a4       0x14 ./Middlewares/Third_Party/FreeRTOS/Source/tasks.o
 .bss.xTasksWaitingTermination
                0x00000000200005b8       0x14 ./Middlewares/Third_Party/FreeRTOS/Source/tasks.o
 .bss.uxDeletedTasksWaitingCleanUp
                0x00000000200005cc        0x4 ./Middlewares/Third_Party/FreeRTOS/Source/tasks.o
 .bss.xSuspendedTaskList
                0x00000000200005d0       0x14 ./Middlewares/Third_Party/FreeRTOS/Source/tasks.o
 .bss.uxCurrentNumberOfTasks
                0x00000000200005e4        0x4 ./Middlewares/Third_Party/FreeRTOS/Source/tasks.o
 .bss.xTickCount
                0x00000000200005e8        0x4 ./Middlewares/Third_Party/FreeRTOS/Source/tasks.o
 .bss.uxTopReadyPriority
                0x00000000200005ec        0x4 ./Middlewares/Third_Party/FreeRTOS/Source/tasks.o
 .bss.xSchedulerRunning
                0x00000000200005f0        0x4 ./Middlewares/Third_Party/FreeRTOS/Source/tasks.o
 .bss.xPendedTicks
                0x00000000200005f4        0x4 ./Middlewares/Third_Party/FreeRTOS/Source/tasks.o
 .bss.xYieldPending
                0x00000000200005f8        0x4 ./Middlewares/Third_Party/FreeRTOS/Source/tasks.o
 .bss.xNumOfOverflows
                0x00000000200005fc        0x4 ./Middlewares/Third_Party/FreeRTOS/Source/tasks.o
 .bss.uxTaskNumber
                0x0000000020000600        0x4 ./Middlewares/Third_Party/FreeRTOS/Source/tasks.o
 .bss.xNextTaskUnblockTime
                0x0000000020000604        0x4 ./Middlewares/Third_Party/FreeRTOS/Source/tasks.o
 .bss.xIdleTaskHandle
                0x0000000020000608        0x4 ./Middlewares/Third_Party/FreeRTOS/Source/tasks.o
 .bss.uxSchedulerSuspended
                0x000000002000060c        0x4 ./Middlewares/Third_Party/FreeRTOS/Source/tasks.o
 .bss.ucMaxSysCallPriority
                0x0000000020000610        0x1 ./Middlewares/Third_Party/FreeRTOS/Source/portable/GCC/ARM_CM4F/port.o
 *fill*         0x0000000020000611        0x3 
 .bss.ulMaxPRIGROUPValue
                0x0000000020000614        0x4 ./Middlewares/Third_Party/FreeRTOS/Source/portable/GCC/ARM_CM4F/port.o
 .bss.ucHeap    0x0000000020000618     0x3c00 ./Middlewares/Third_Party/FreeRTOS/Source/portable/MemMang/heap_4.o
 .bss.xStart    0x0000000020004218        0x8 ./Middlewares/Third_Party/FreeRTOS/Source/portable/MemMang/heap_4.o
 .bss.pxEnd     0x0000000020004220        0x4 ./Middlewares/Third_Party/FreeRTOS/Source/portable/MemMang/heap_4.o
 .bss.xFreeBytesRemaining
                0x0000000020004224        0x4 ./Middlewares/Third_Party/FreeRTOS/Source/portable/MemMang/heap_4.o
 .bss.xMinimumEverFreeBytesRemaining
                0x0000000020004228        0x4 ./Middlewares/Third_Party/FreeRTOS/Source/portable/MemMang/heap_4.o
 .bss.xNumberOfSuccessfulAllocations
                0x000000002000422c        0x4 ./Middlewares/Third_Party/FreeRTOS/Source/portable/MemMang/heap_4.o
 .bss.xNumberOfSuccessfulFrees
                0x0000000020004230        0x4 ./Middlewares/Third_Party/FreeRTOS/Source/portable/MemMang/heap_4.o
 .bss.xBlockAllocatedBit
                0x0000000020004234        0x4 ./Middlewares/Third_Party/FreeRTOS/Source/portable/MemMang/heap_4.o
 .bss.done_reset
                0x0000000020004238        0x1 ./User_Libs/Src/TFT.o
 .bss.is8347    0x0000000020004239        0x1 ./User_Libs/Src/TFT.o
 .bss.is555     0x000000002000423a        0x1 ./User_Libs/Src/TFT.o
 .bss.is9797    0x000000002000423b        0x1 ./User_Libs/Src/TFT.o
 .bss.rotation  0x000000002000423c        0x1 ./User_Libs/Src/TFT.o
                0x000000002000423c                rotation
 *fill*         0x000000002000423d        0x1 
 .bss._lcd_xor  0x000000002000423e        0x2 ./User_Libs/Src/TFT.o
                0x000000002000423e                _lcd_xor
 .bss._lcd_capable
                0x0000000020004240        0x2 ./User_Libs/Src/TFT.o
                0x0000000020004240                _lcd_capable
 .bss._lcd_ID   0x0000000020004242        0x2 ./User_Libs/Src/TFT.o
                0x0000000020004242                _lcd_ID
 .bss._lcd_rev  0x0000000020004244        0x2 ./User_Libs/Src/TFT.o
                0x0000000020004244                _lcd_rev
 .bss._lcd_madctl
                0x0000000020004246        0x2 ./User_Libs/Src/TFT.o
                0x0000000020004246                _lcd_madctl
 .bss._MC       0x0000000020004248        0x2 ./User_Libs/Src/TFT.o
                0x0000000020004248                _MC
 .bss._MP       0x000000002000424a        0x2 ./User_Libs/Src/TFT.o
                0x000000002000424a                _MP
 .bss._MW       0x000000002000424c        0x2 ./User_Libs/Src/TFT.o
                0x000000002000424c                _MW
 .bss._SC       0x000000002000424e        0x2 ./User_Libs/Src/TFT.o
                0x000000002000424e                _SC
 .bss._EC       0x0000000020004250        0x2 ./User_Libs/Src/TFT.o
                0x0000000020004250                _EC
 .bss._SP       0x0000000020004252        0x2 ./User_Libs/Src/TFT.o
                0x0000000020004252                _SP
 .bss._EP       0x0000000020004254        0x2 ./User_Libs/Src/TFT.o
                0x0000000020004254                _EP
 .bss.__lock___malloc_recursive_mutex
                0x0000000020004256        0x1 /opt/st/stm32cubeide_1.11.0/plugins/com.st.stm32cube.ide.mcu.externaltools.gnu-tools-for-stm32.10.3-2021.10.linux64_1.0.100.202210260954/tools/bin/../lib/gcc/arm-none-eabi/10.3.1/../../../../arm-none-eabi/lib/thumb/v7e-m+fp/hard/libc_nano.a(lib_a-lock.o)
                0x0000000020004256                __lock___malloc_recursive_mutex
 *fill*         0x0000000020004257        0x1 
 .bss.__malloc_free_list
                0x0000000020004258        0x4 /opt/st/stm32cubeide_1.11.0/plugins/com.st.stm32cube.ide.mcu.externaltools.gnu-tools-for-stm32.10.3-2021.10.linux64_1.0.100.202210260954/tools/bin/../lib/gcc/arm-none-eabi/10.3.1/../../../../arm-none-eabi/lib/thumb/v7e-m+fp/hard/libc_nano.a(lib_a-nano-mallocr.o)
                0x0000000020004258                __malloc_free_list
 *(COMMON)
                0x000000002000425c                . = ALIGN (0x4)
                0x000000002000425c                _ebss = .
                0x000000002000425c                __bss_end__ = _ebss

._user_heap_stack
                0x000000002000425c      0x604 load address 0x0000000008008d60
                0x0000000020004260                . = ALIGN (0x8)
 *fill*         0x000000002000425c        0x4 
                [!provide]                        PROVIDE (end = .)
                0x0000000020004260                PROVIDE (_end = .)
                0x0000000020004460                . = (. + _Min_Heap_Size)
 *fill*         0x0000000020004260      0x200 
                0x0000000020004860                . = (. + _Min_Stack_Size)
 *fill*         0x0000000020004460      0x400 
                0x0000000020004860                . = ALIGN (0x8)

/DISCARD/
 libc.a(*)
 libm.a(*)
 libgcc.a(*)

.ARM.attributes
                0x0000000000000000       0x30
 *(.ARM.attributes)
 .ARM.attributes
                0x0000000000000000       0x1e /opt/st/stm32cubeide_1.11.0/plugins/com.st.stm32cube.ide.mcu.externaltools.gnu-tools-for-stm32.10.3-2021.10.linux64_1.0.100.202210260954/tools/bin/../lib/gcc/arm-none-eabi/10.3.1/thumb/v7e-m+fp/hard/crti.o
 .ARM.attributes
                0x000000000000001e       0x34 /opt/st/stm32cubeide_1.11.0/plugins/com.st.stm32cube.ide.mcu.externaltools.gnu-tools-for-stm32.10.3-2021.10.linux64_1.0.100.202210260954/tools/bin/../lib/gcc/arm-none-eabi/10.3.1/thumb/v7e-m+fp/hard/crtbegin.o
 .ARM.attributes
                0x0000000000000052       0x34 ./Core/Src/freertos.o
 .ARM.attributes
                0x0000000000000086       0x34 ./Core/Src/main.o
 .ARM.attributes
                0x00000000000000ba       0x34 ./Core/Src/stm32f4xx_hal_msp.o
 .ARM.attributes
                0x00000000000000ee       0x34 ./Core/Src/stm32f4xx_hal_timebase_tim.o
 .ARM.attributes
                0x0000000000000122       0x34 ./Core/Src/stm32f4xx_it.o
 .ARM.attributes
                0x0000000000000156       0x34 ./Core/Src/system_stm32f4xx.o
 .ARM.attributes
                0x000000000000018a       0x21 ./Core/Startup/startup_stm32f411ceux.o
 .ARM.attributes
                0x00000000000001ab       0x34 ./Drivers/STM32F4xx_HAL_Driver/Src/stm32f4xx_hal.o
 .ARM.attributes
                0x00000000000001df       0x34 ./Drivers/STM32F4xx_HAL_Driver/Src/stm32f4xx_hal_cortex.o
 .ARM.attributes
                0x0000000000000213       0x34 ./Drivers/STM32F4xx_HAL_Driver/Src/stm32f4xx_hal_gpio.o
 .ARM.attributes
                0x0000000000000247       0x34 ./Drivers/STM32F4xx_HAL_Driver/Src/stm32f4xx_hal_i2c.o
 .ARM.attributes
                0x000000000000027b       0x34 ./Drivers/STM32F4xx_HAL_Driver/Src/stm32f4xx_hal_rcc.o
 .ARM.attributes
                0x00000000000002af       0x34 ./Drivers/STM32F4xx_HAL_Driver/Src/stm32f4xx_hal_spi.o
 .ARM.attributes
                0x00000000000002e3       0x34 ./Drivers/STM32F4xx_HAL_Driver/Src/stm32f4xx_hal_tim.o
 .ARM.attributes
                0x0000000000000317       0x34 ./Drivers/STM32F4xx_HAL_Driver/Src/stm32f4xx_hal_tim_ex.o
 .ARM.attributes
                0x000000000000034b       0x34 ./Drivers/STM32F4xx_HAL_Driver/Src/stm32f4xx_hal_uart.o
 .ARM.attributes
                0x000000000000037f       0x34 ./Middlewares/Third_Party/FreeRTOS/Source/CMSIS_RTOS/cmsis_os.o
 .ARM.attributes
                0x00000000000003b3       0x34 ./Middlewares/Third_Party/FreeRTOS/Source/list.o
 .ARM.attributes
                0x00000000000003e7       0x34 ./Middlewares/Third_Party/FreeRTOS/Source/tasks.o
 .ARM.attributes
                0x000000000000041b       0x34 ./Middlewares/Third_Party/FreeRTOS/Source/portable/GCC/ARM_CM4F/port.o
 .ARM.attributes
                0x000000000000044f       0x34 ./Middlewares/Third_Party/FreeRTOS/Source/portable/MemMang/heap_4.o
 .ARM.attributes
                0x0000000000000483       0x34 ./User_Libs/Src/DS3231.o
 .ARM.attributes
                0x00000000000004b7       0x34 ./User_Libs/Src/TFT.o
 .ARM.attributes
                0x00000000000004eb       0x34 /opt/st/stm32cubeide_1.11.0/plugins/com.st.stm32cube.ide.mcu.externaltools.gnu-tools-for-stm32.10.3-2021.10.linux64_1.0.100.202210260954/tools/bin/../lib/gcc/arm-none-eabi/10.3.1/../../../../arm-none-eabi/lib/thumb/v7e-m+fp/hard/libc_nano.a(lib_a-findfp.o)
 .ARM.attributes
                0x000000000000051f       0x34 /opt/st/stm32cubeide_1.11.0/plugins/com.st.stm32cube.ide.mcu.externaltools.gnu-tools-for-stm32.10.3-2021.10.linux64_1.0.100.202210260954/tools/bin/../lib/gcc/arm-none-eabi/10.3.1/../../../../arm-none-eabi/lib/thumb/v7e-m+fp/hard/libc_nano.a(lib_a-impure.o)
 .ARM.attributes
                0x0000000000000553       0x34 /opt/st/stm32cubeide_1.11.0/plugins/com.st.stm32cube.ide.mcu.externaltools.gnu-tools-for-stm32.10.3-2021.10.linux64_1.0.100.202210260954/tools/bin/../lib/gcc/arm-none-eabi/10.3.1/../../../../arm-none-eabi/lib/thumb/v7e-m+fp/hard/libc_nano.a(lib_a-init.o)
 .ARM.attributes
                0x0000000000000587       0x34 /opt/st/stm32cubeide_1.11.0/plugins/com.st.stm32cube.ide.mcu.externaltools.gnu-tools-for-stm32.10.3-2021.10.linux64_1.0.100.202210260954/tools/bin/../lib/gcc/arm-none-eabi/10.3.1/../../../../arm-none-eabi/lib/thumb/v7e-m+fp/hard/libc_nano.a(lib_a-lock.o)
 .ARM.attributes
                0x00000000000005bb       0x34 /opt/st/stm32cubeide_1.11.0/plugins/com.st.stm32cube.ide.mcu.externaltools.gnu-tools-for-stm32.10.3-2021.10.linux64_1.0.100.202210260954/tools/bin/../lib/gcc/arm-none-eabi/10.3.1/../../../../arm-none-eabi/lib/thumb/v7e-m+fp/hard/libc_nano.a(lib_a-memset.o)
 .ARM.attributes
                0x00000000000005ef       0x34 /opt/st/stm32cubeide_1.11.0/plugins/com.st.stm32cube.ide.mcu.externaltools.gnu-tools-for-stm32.10.3-2021.10.linux64_1.0.100.202210260954/tools/bin/../lib/gcc/arm-none-eabi/10.3.1/../../../../arm-none-eabi/lib/thumb/v7e-m+fp/hard/libc_nano.a(lib_a-nano-mallocr.o)
 .ARM.attributes
                0x0000000000000623       0x34 /opt/st/stm32cubeide_1.11.0/plugins/com.st.stm32cube.ide.mcu.externaltools.gnu-tools-for-stm32.10.3-2021.10.linux64_1.0.100.202210260954/tools/bin/../lib/gcc/arm-none-eabi/10.3.1/../../../../arm-none-eabi/lib/thumb/v7e-m+fp/hard/libc_nano.a(lib_a-reent.o)
 .ARM.attributes
                0x0000000000000657       0x34 /opt/st/stm32cubeide_1.11.0/plugins/com.st.stm32cube.ide.mcu.externaltools.gnu-tools-for-stm32.10.3-2021.10.linux64_1.0.100.202210260954/tools/bin/../lib/gcc/arm-none-eabi/10.3.1/../../../../arm-none-eabi/lib/thumb/v7e-m+fp/hard/libc_nano.a(lib_a-mlock.o)
 .ARM.attributes
                0x000000000000068b       0x34 /opt/st/stm32cubeide_1.11.0/plugins/com.st.stm32cube.ide.mcu.externaltools.gnu-tools-for-stm32.10.3-2021.10.linux64_1.0.100.202210260954/tools/bin/../lib/gcc/arm-none-eabi/10.3.1/../../../../arm-none-eabi/lib/thumb/v7e-m+fp/hard/libc_nano.a(lib_a-nano-freer.o)
 .ARM.attributes
                0x00000000000006bf       0x1e /opt/st/stm32cubeide_1.11.0/plugins/com.st.stm32cube.ide.mcu.externaltools.gnu-tools-for-stm32.10.3-2021.10.linux64_1.0.100.202210260954/tools/bin/../lib/gcc/arm-none-eabi/10.3.1/thumb/v7e-m+fp/hard/libgcc.a(_aeabi_uldivmod.o)
 .ARM.attributes
                0x00000000000006dd       0x34 /opt/st/stm32cubeide_1.11.0/plugins/com.st.stm32cube.ide.mcu.externaltools.gnu-tools-for-stm32.10.3-2021.10.linux64_1.0.100.202210260954/tools/bin/../lib/gcc/arm-none-eabi/10.3.1/thumb/v7e-m+fp/hard/libgcc.a(_udivmoddi4.o)
 .ARM.attributes
                0x0000000000000711       0x1e /opt/st/stm32cubeide_1.11.0/plugins/com.st.stm32cube.ide.mcu.externaltools.gnu-tools-for-stm32.10.3-2021.10.linux64_1.0.100.202210260954/tools/bin/../lib/gcc/arm-none-eabi/10.3.1/thumb/v7e-m+fp/hard/libgcc.a(_dvmd_tls.o)
 .ARM.attributes
                0x000000000000072f       0x1e /opt/st/stm32cubeide_1.11.0/plugins/com.st.stm32cube.ide.mcu.externaltools.gnu-tools-for-stm32.10.3-2021.10.linux64_1.0.100.202210260954/tools/bin/../lib/gcc/arm-none-eabi/10.3.1/thumb/v7e-m+fp/hard/crtn.o
OUTPUT(NODE_F4.elf elf32-littlearm)
LOAD linker stubs
LOAD /opt/st/stm32cubeide_1.11.0/plugins/com.st.stm32cube.ide.mcu.externaltools.gnu-tools-for-stm32.10.3-2021.10.linux64_1.0.100.202210260954/tools/bin/../lib/gcc/arm-none-eabi/10.3.1/../../../../arm-none-eabi/lib/thumb/v7e-m+fp/hard/libc.a
LOAD /opt/st/stm32cubeide_1.11.0/plugins/com.st.stm32cube.ide.mcu.externaltools.gnu-tools-for-stm32.10.3-2021.10.linux64_1.0.100.202210260954/tools/bin/../lib/gcc/arm-none-eabi/10.3.1/../../../../arm-none-eabi/lib/thumb/v7e-m+fp/hard/libm.a
LOAD /opt/st/stm32cubeide_1.11.0/plugins/com.st.stm32cube.ide.mcu.externaltools.gnu-tools-for-stm32.10.3-2021.10.linux64_1.0.100.202210260954/tools/bin/../lib/gcc/arm-none-eabi/10.3.1/thumb/v7e-m+fp/hard/libgcc.a

.debug_info     0x0000000000000000    0x1c71e
 .debug_info    0x0000000000000000      0x9b6 ./Core/Src/freertos.o
 .debug_info    0x00000000000009b6     0x24af ./Core/Src/main.o
 .debug_info    0x0000000000002e65     0x1568 ./Core/Src/stm32f4xx_hal_msp.o
 .debug_info    0x00000000000043cd      0xbdf ./Core/Src/stm32f4xx_hal_timebase_tim.o
 .debug_info    0x0000000000004fac      0x73e ./Core/Src/stm32f4xx_it.o
 .debug_info    0x00000000000056ea      0x54f ./Core/Src/system_stm32f4xx.o
 .debug_info    0x0000000000005c39       0x22 ./Core/Startup/startup_stm32f411ceux.o
 .debug_info    0x0000000000005c5b      0x90d ./Drivers/STM32F4xx_HAL_Driver/Src/stm32f4xx_hal.o
 .debug_info    0x0000000000006568      0xd8b ./Drivers/STM32F4xx_HAL_Driver/Src/stm32f4xx_hal_cortex.o
 .debug_info    0x00000000000072f3      0x78e ./Drivers/STM32F4xx_HAL_Driver/Src/stm32f4xx_hal_gpio.o
 .debug_info    0x0000000000007a81     0x260f ./Drivers/STM32F4xx_HAL_Driver/Src/stm32f4xx_hal_i2c.o
 .debug_info    0x000000000000a090      0x98d ./Drivers/STM32F4xx_HAL_Driver/Src/stm32f4xx_hal_rcc.o
 .debug_info    0x000000000000aa1d     0x1750 ./Drivers/STM32F4xx_HAL_Driver/Src/stm32f4xx_hal_spi.o
 .debug_info    0x000000000000c16d     0x2bb6 ./Drivers/STM32F4xx_HAL_Driver/Src/stm32f4xx_hal_tim.o
 .debug_info    0x000000000000ed23     0x15d8 ./Drivers/STM32F4xx_HAL_Driver/Src/stm32f4xx_hal_tim_ex.o
 .debug_info    0x00000000000102fb     0x31b4 ./Drivers/STM32F4xx_HAL_Driver/Src/stm32f4xx_hal_uart.o
 .debug_info    0x00000000000134af     0x2352 ./Middlewares/Third_Party/FreeRTOS/Source/CMSIS_RTOS/cmsis_os.o
 .debug_info    0x0000000000015801      0x2d1 ./Middlewares/Third_Party/FreeRTOS/Source/list.o
 .debug_info    0x0000000000015ad2     0x25e2 ./Middlewares/Third_Party/FreeRTOS/Source/tasks.o
 .debug_info    0x00000000000180b4      0x507 ./Middlewares/Third_Party/FreeRTOS/Source/portable/GCC/ARM_CM4F/port.o
 .debug_info    0x00000000000185bb      0x50b ./Middlewares/Third_Party/FreeRTOS/Source/portable/MemMang/heap_4.o
 .debug_info    0x0000000000018ac6      0x819 ./User_Libs/Src/DS3231.o
 .debug_info    0x00000000000192df     0x343f ./User_Libs/Src/TFT.o

.debug_abbrev   0x0000000000000000     0x3596
 .debug_abbrev  0x0000000000000000      0x169 ./Core/Src/freertos.o
 .debug_abbrev  0x0000000000000169      0x367 ./Core/Src/main.o
 .debug_abbrev  0x00000000000004d0      0x226 ./Core/Src/stm32f4xx_hal_msp.o
 .debug_abbrev  0x00000000000006f6      0x1f7 ./Core/Src/stm32f4xx_hal_timebase_tim.o
 .debug_abbrev  0x00000000000008ed      0x197 ./Core/Src/stm32f4xx_it.o
 .debug_abbrev  0x0000000000000a84      0x116 ./Core/Src/system_stm32f4xx.o
 .debug_abbrev  0x0000000000000b9a       0x12 ./Core/Startup/startup_stm32f411ceux.o
 .debug_abbrev  0x0000000000000bac      0x23e ./Drivers/STM32F4xx_HAL_Driver/Src/stm32f4xx_hal.o
 .debug_abbrev  0x0000000000000dea      0x316 ./Drivers/STM32F4xx_HAL_Driver/Src/stm32f4xx_hal_cortex.o
 .debug_abbrev  0x0000000000001100      0x1c4 ./Drivers/STM32F4xx_HAL_Driver/Src/stm32f4xx_hal_gpio.o
 .debug_abbrev  0x00000000000012c4      0x2a8 ./Drivers/STM32F4xx_HAL_Driver/Src/stm32f4xx_hal_i2c.o
 .debug_abbrev  0x000000000000156c      0x2aa ./Drivers/STM32F4xx_HAL_Driver/Src/stm32f4xx_hal_rcc.o
 .debug_abbrev  0x0000000000001816      0x26e ./Drivers/STM32F4xx_HAL_Driver/Src/stm32f4xx_hal_spi.o
 .debug_abbrev  0x0000000000001a84      0x26e ./Drivers/STM32F4xx_HAL_Driver/Src/stm32f4xx_hal_tim.o
 .debug_abbrev  0x0000000000001cf2      0x276 ./Drivers/STM32F4xx_HAL_Driver/Src/stm32f4xx_hal_tim_ex.o
 .debug_abbrev  0x0000000000001f68      0x305 ./Drivers/STM32F4xx_HAL_Driver/Src/stm32f4xx_hal_uart.o
 .debug_abbrev  0x000000000000226d      0x406 ./Middlewares/Third_Party/FreeRTOS/Source/CMSIS_RTOS/cmsis_os.o
 .debug_abbrev  0x0000000000002673       0xf2 ./Middlewares/Third_Party/FreeRTOS/Source/list.o
 .debug_abbrev  0x0000000000002765      0x3c4 ./Middlewares/Third_Party/FreeRTOS/Source/tasks.o
 .debug_abbrev  0x0000000000002b29      0x259 ./Middlewares/Third_Party/FreeRTOS/Source/portable/GCC/ARM_CM4F/port.o
 .debug_abbrev  0x0000000000002d82      0x212 ./Middlewares/Third_Party/FreeRTOS/Source/portable/MemMang/heap_4.o
 .debug_abbrev  0x0000000000002f94      0x1b1 ./User_Libs/Src/DS3231.o
 .debug_abbrev  0x0000000000003145      0x451 ./User_Libs/Src/TFT.o

.debug_aranges  0x0000000000000000     0x17e8
 .debug_aranges
                0x0000000000000000       0x20 ./Core/Src/freertos.o
 .debug_aranges
                0x0000000000000020       0x70 ./Core/Src/main.o
 .debug_aranges
                0x0000000000000090       0x60 ./Core/Src/stm32f4xx_hal_msp.o
 .debug_aranges
                0x00000000000000f0       0x30 ./Core/Src/stm32f4xx_hal_timebase_tim.o
 .debug_aranges
                0x0000000000000120       0x60 ./Core/Src/stm32f4xx_it.o
 .debug_aranges
                0x0000000000000180       0x28 ./Core/Src/system_stm32f4xx.o
 .debug_aranges
                0x00000000000001a8       0x28 ./Core/Startup/startup_stm32f411ceux.o
 .debug_aranges
                0x00000000000001d0       0xf0 ./Drivers/STM32F4xx_HAL_Driver/Src/stm32f4xx_hal.o
 .debug_aranges
                0x00000000000002c0      0x118 ./Drivers/STM32F4xx_HAL_Driver/Src/stm32f4xx_hal_cortex.o
 .debug_aranges
                0x00000000000003d8       0x58 ./Drivers/STM32F4xx_HAL_Driver/Src/stm32f4xx_hal_gpio.o
 .debug_aranges
                0x0000000000000430      0x2a0 ./Drivers/STM32F4xx_HAL_Driver/Src/stm32f4xx_hal_i2c.o
 .debug_aranges
                0x00000000000006d0       0x88 ./Drivers/STM32F4xx_HAL_Driver/Src/stm32f4xx_hal_rcc.o
 .debug_aranges
                0x0000000000000758      0x1d0 ./Drivers/STM32F4xx_HAL_Driver/Src/stm32f4xx_hal_spi.o
 .debug_aranges
                0x0000000000000928      0x3d0 ./Drivers/STM32F4xx_HAL_Driver/Src/stm32f4xx_hal_tim.o
 .debug_aranges
                0x0000000000000cf8      0x168 ./Drivers/STM32F4xx_HAL_Driver/Src/stm32f4xx_hal_tim_ex.o
 .debug_aranges
                0x0000000000000e60      0x200 ./Drivers/STM32F4xx_HAL_Driver/Src/stm32f4xx_hal_uart.o
 .debug_aranges
                0x0000000000001060      0x1d8 ./Middlewares/Third_Party/FreeRTOS/Source/CMSIS_RTOS/cmsis_os.o
 .debug_aranges
                0x0000000000001238       0x40 ./Middlewares/Third_Party/FreeRTOS/Source/list.o
 .debug_aranges
                0x0000000000001278      0x1b8 ./Middlewares/Third_Party/FreeRTOS/Source/tasks.o
 .debug_aranges
                0x0000000000001430       0x80 ./Middlewares/Third_Party/FreeRTOS/Source/portable/GCC/ARM_CM4F/port.o
 .debug_aranges
                0x00000000000014b0       0x58 ./Middlewares/Third_Party/FreeRTOS/Source/portable/MemMang/heap_4.o
 .debug_aranges
                0x0000000000001508       0x38 ./User_Libs/Src/DS3231.o
 .debug_aranges
                0x0000000000001540      0x2a8 ./User_Libs/Src/TFT.o

.debug_ranges   0x0000000000000000     0x16c8
 .debug_ranges  0x0000000000000000       0x10 ./Core/Src/freertos.o
 .debug_ranges  0x0000000000000010       0x60 ./Core/Src/main.o
 .debug_ranges  0x0000000000000070       0x50 ./Core/Src/stm32f4xx_hal_msp.o
 .debug_ranges  0x00000000000000c0       0x20 ./Core/Src/stm32f4xx_hal_timebase_tim.o
 .debug_ranges  0x00000000000000e0       0x50 ./Core/Src/stm32f4xx_it.o
 .debug_ranges  0x0000000000000130       0x18 ./Core/Src/system_stm32f4xx.o
 .debug_ranges  0x0000000000000148       0x20 ./Core/Startup/startup_stm32f411ceux.o
 .debug_ranges  0x0000000000000168       0xe0 ./Drivers/STM32F4xx_HAL_Driver/Src/stm32f4xx_hal.o
 .debug_ranges  0x0000000000000248      0x108 ./Drivers/STM32F4xx_HAL_Driver/Src/stm32f4xx_hal_cortex.o
 .debug_ranges  0x0000000000000350       0x48 ./Drivers/STM32F4xx_HAL_Driver/Src/stm32f4xx_hal_gpio.o
 .debug_ranges  0x0000000000000398      0x2a8 ./Drivers/STM32F4xx_HAL_Driver/Src/stm32f4xx_hal_i2c.o
 .debug_ranges  0x0000000000000640       0x78 ./Drivers/STM32F4xx_HAL_Driver/Src/stm32f4xx_hal_rcc.o
 .debug_ranges  0x00000000000006b8      0x1c0 ./Drivers/STM32F4xx_HAL_Driver/Src/stm32f4xx_hal_spi.o
 .debug_ranges  0x0000000000000878      0x3c0 ./Drivers/STM32F4xx_HAL_Driver/Src/stm32f4xx_hal_tim.o
 .debug_ranges  0x0000000000000c38      0x158 ./Drivers/STM32F4xx_HAL_Driver/Src/stm32f4xx_hal_tim_ex.o
 .debug_ranges  0x0000000000000d90      0x220 ./Drivers/STM32F4xx_HAL_Driver/Src/stm32f4xx_hal_uart.o
 .debug_ranges  0x0000000000000fb0      0x1c8 ./Middlewares/Third_Party/FreeRTOS/Source/CMSIS_RTOS/cmsis_os.o
 .debug_ranges  0x0000000000001178       0x30 ./Middlewares/Third_Party/FreeRTOS/Source/list.o
 .debug_ranges  0x00000000000011a8      0x1a8 ./Middlewares/Third_Party/FreeRTOS/Source/tasks.o
 .debug_ranges  0x0000000000001350       0x70 ./Middlewares/Third_Party/FreeRTOS/Source/portable/GCC/ARM_CM4F/port.o
 .debug_ranges  0x00000000000013c0       0x48 ./Middlewares/Third_Party/FreeRTOS/Source/portable/MemMang/heap_4.o
 .debug_ranges  0x0000000000001408       0x28 ./User_Libs/Src/DS3231.o
 .debug_ranges  0x0000000000001430      0x298 ./User_Libs/Src/TFT.o

.debug_macro    0x0000000000000000    0x19630
 .debug_macro   0x0000000000000000      0x305 ./Core/Src/freertos.o
 .debug_macro   0x0000000000000305      0xa78 ./Core/Src/freertos.o
 .debug_macro   0x0000000000000d7d      0x174 ./Core/Src/freertos.o
 .debug_macro   0x0000000000000ef1       0x22 ./Core/Src/freertos.o
 .debug_macro   0x0000000000000f13       0x8e ./Core/Src/freertos.o
 .debug_macro   0x0000000000000fa1       0x51 ./Core/Src/freertos.o
 .debug_macro   0x0000000000000ff2      0x103 ./Core/Src/freertos.o
 .debug_macro   0x00000000000010f5       0x6a ./Core/Src/freertos.o
 .debug_macro   0x000000000000115f      0x1df ./Core/Src/freertos.o
 .debug_macro   0x000000000000133e       0xf1 ./Core/Src/freertos.o
 .debug_macro   0x000000000000142f      0x15a ./Core/Src/freertos.o
 .debug_macro   0x0000000000001589       0xde ./Core/Src/freertos.o
 .debug_macro   0x0000000000001667       0x1c ./Core/Src/freertos.o
 .debug_macro   0x0000000000001683       0x26 ./Core/Src/freertos.o
 .debug_macro   0x00000000000016a9       0x52 ./Core/Src/freertos.o
 .debug_macro   0x00000000000016fb       0x1e ./Core/Src/freertos.o
 .debug_macro   0x0000000000001719       0x3c ./Core/Src/freertos.o
 .debug_macro   0x0000000000001755       0x34 ./Core/Src/freertos.o
 .debug_macro   0x0000000000001789       0x16 ./Core/Src/freertos.o
 .debug_macro   0x000000000000179f       0x43 ./Core/Src/freertos.o
 .debug_macro   0x00000000000017e2       0x34 ./Core/Src/freertos.o
 .debug_macro   0x0000000000001816       0x10 ./Core/Src/freertos.o
 .debug_macro   0x0000000000001826       0x58 ./Core/Src/freertos.o
 .debug_macro   0x000000000000187e       0x71 ./Core/Src/freertos.o
 .debug_macro   0x00000000000018ef       0x1c ./Core/Src/freertos.o
 .debug_macro   0x000000000000190b      0x12a ./Core/Src/freertos.o
 .debug_macro   0x0000000000001a35       0x10 ./Core/Src/freertos.o
 .debug_macro   0x0000000000001a45       0x35 ./Core/Src/freertos.o
 .debug_macro   0x0000000000001a7a      0x4fe ./Core/Src/freertos.o
 .debug_macro   0x0000000000001f78       0xb5 ./Core/Src/freertos.o
 .debug_macro   0x000000000000202d       0xaa ./Core/Src/freertos.o
 .debug_macro   0x00000000000020d7      0x2a7 ./Core/Src/freertos.o
 .debug_macro   0x000000000000237e       0x2e ./Core/Src/freertos.o
 .debug_macro   0x00000000000023ac       0x28 ./Core/Src/freertos.o
 .debug_macro   0x00000000000023d4       0x1c ./Core/Src/freertos.o
 .debug_macro   0x00000000000023f0       0x22 ./Core/Src/freertos.o
 .debug_macro   0x0000000000002412       0xd9 ./Core/Src/freertos.o
 .debug_macro   0x00000000000024eb     0x102d ./Core/Src/freertos.o
 .debug_macro   0x0000000000003518      0x11f ./Core/Src/freertos.o
 .debug_macro   0x0000000000003637     0xb953 ./Core/Src/freertos.o
 .debug_macro   0x000000000000ef8a       0x6d ./Core/Src/freertos.o
 .debug_macro   0x000000000000eff7     0x367e ./Core/Src/freertos.o
 .debug_macro   0x0000000000012675       0x5c ./Core/Src/freertos.o
 .debug_macro   0x00000000000126d1      0x447 ./Core/Src/freertos.o
 .debug_macro   0x0000000000012b18      0x9fe ./Core/Src/freertos.o
 .debug_macro   0x0000000000013516      0x115 ./Core/Src/freertos.o
 .debug_macro   0x000000000001362b      0x11b ./Core/Src/freertos.o
 .debug_macro   0x0000000000013746       0xa5 ./Core/Src/freertos.o
 .debug_macro   0x00000000000137eb      0x15f ./Core/Src/freertos.o
 .debug_macro   0x000000000001394a      0x287 ./Core/Src/freertos.o
 .debug_macro   0x0000000000013bd1       0x5f ./Core/Src/freertos.o
 .debug_macro   0x0000000000013c30      0x236 ./Core/Src/freertos.o
 .debug_macro   0x0000000000013e66      0x132 ./Core/Src/freertos.o
 .debug_macro   0x0000000000013f98      0x264 ./Core/Src/freertos.o
 .debug_macro   0x00000000000141fc       0x2e ./Core/Src/freertos.o
 .debug_macro   0x000000000001422a      0x1b5 ./Core/Src/freertos.o
 .debug_macro   0x00000000000143df       0x22 ./Core/Src/freertos.o
 .debug_macro   0x0000000000014401       0xd6 ./Core/Src/freertos.o
 .debug_macro   0x00000000000144d7      0x11a ./Core/Src/freertos.o
 .debug_macro   0x00000000000145f1       0x85 ./Core/Src/freertos.o
 .debug_macro   0x0000000000014676       0x89 ./Core/Src/freertos.o
 .debug_macro   0x00000000000146ff      0x225 ./Core/Src/freertos.o
 .debug_macro   0x0000000000014924      0x8e6 ./Core/Src/freertos.o
 .debug_macro   0x000000000001520a       0x47 ./Core/Src/freertos.o
 .debug_macro   0x0000000000015251      0x295 ./Core/Src/freertos.o
 .debug_macro   0x00000000000154e6      0x126 ./Core/Src/freertos.o
 .debug_macro   0x000000000001560c      0x124 ./Core/Src/freertos.o
 .debug_macro   0x0000000000015730      0x4ca ./Core/Src/main.o
 .debug_macro   0x0000000000015bfa       0xf1 ./Core/Src/main.o
 .debug_macro   0x0000000000015ceb       0x91 ./Core/Src/main.o
 .debug_macro   0x0000000000015d7c       0x8d ./Core/Src/main.o
 .debug_macro   0x0000000000015e09       0x7e ./Core/Src/main.o
 .debug_macro   0x0000000000015e87       0x19 ./Core/Src/main.o
 .debug_macro   0x0000000000015ea0       0xf2 ./Core/Src/main.o
 .debug_macro   0x0000000000015f92       0x10 ./Core/Src/main.o
 .debug_macro   0x0000000000015fa2       0x16 ./Core/Src/main.o
 .debug_macro   0x0000000000015fb8      0x341 ./Core/Src/main.o
 .debug_macro   0x00000000000162f9       0x16 ./Core/Src/main.o
 .debug_macro   0x000000000001630f       0x29 ./Core/Src/main.o
 .debug_macro   0x0000000000016338       0x16 ./Core/Src/main.o
 .debug_macro   0x000000000001634e       0x20 ./Core/Src/main.o
 .debug_macro   0x000000000001636e       0x40 ./Core/Src/main.o
 .debug_macro   0x00000000000163ae       0xca ./Core/Src/main.o
 .debug_macro   0x0000000000016478       0x64 ./Core/Src/main.o
 .debug_macro   0x00000000000164dc       0x1c ./Core/Src/main.o
 .debug_macro   0x00000000000164f8       0x10 ./Core/Src/main.o
 .debug_macro   0x0000000000016508       0x10 ./Core/Src/main.o
 .debug_macro   0x0000000000016518       0x1c ./Core/Src/main.o
 .debug_macro   0x0000000000016534       0x52 ./Core/Src/main.o
 .debug_macro   0x0000000000016586       0x22 ./Core/Src/main.o
 .debug_macro   0x00000000000165a8       0x10 ./Core/Src/main.o
 .debug_macro   0x00000000000165b8       0x52 ./Core/Src/main.o
 .debug_macro   0x000000000001660a       0xd5 ./Core/Src/main.o
 .debug_macro   0x00000000000166df       0x1c ./Core/Src/main.o
 .debug_macro   0x00000000000166fb       0x3d ./Core/Src/main.o
 .debug_macro   0x0000000000016738       0x16 ./Core/Src/main.o
 .debug_macro   0x000000000001674e      0x145 ./Core/Src/main.o
 .debug_macro   0x0000000000016893       0x22 ./Core/Src/main.o
 .debug_macro   0x00000000000168b5       0x10 ./Core/Src/main.o
 .debug_macro   0x00000000000168c5      0x200 ./Core/Src/stm32f4xx_hal_msp.o
 .debug_macro   0x0000000000016ac5      0x1f1 ./Core/Src/stm32f4xx_hal_timebase_tim.o
 .debug_macro   0x0000000000016cb6      0x20a ./Core/Src/stm32f4xx_it.o
 .debug_macro   0x0000000000016ec0      0x1f1 ./Core/Src/system_stm32f4xx.o
 .debug_macro   0x00000000000170b1      0x251 ./Drivers/STM32F4xx_HAL_Driver/Src/stm32f4xx_hal.o
 .debug_macro   0x0000000000017302      0x1f1 ./Drivers/STM32F4xx_HAL_Driver/Src/stm32f4xx_hal_cortex.o
 .debug_macro   0x00000000000174f3      0x1f7 ./Drivers/STM32F4xx_HAL_Driver/Src/stm32f4xx_hal_gpio.o
 .debug_macro   0x00000000000176ea      0x238 ./Drivers/STM32F4xx_HAL_Driver/Src/stm32f4xx_hal_i2c.o
 .debug_macro   0x0000000000017922      0x215 ./Drivers/STM32F4xx_HAL_Driver/Src/stm32f4xx_hal_rcc.o
 .debug_macro   0x0000000000017b37      0x200 ./Drivers/STM32F4xx_HAL_Driver/Src/stm32f4xx_hal_spi.o
 .debug_macro   0x0000000000017d37      0x1f2 ./Drivers/STM32F4xx_HAL_Driver/Src/stm32f4xx_hal_tim.o
 .debug_macro   0x0000000000017f29      0x1f1 ./Drivers/STM32F4xx_HAL_Driver/Src/stm32f4xx_hal_tim_ex.o
 .debug_macro   0x000000000001811a      0x1f2 ./Drivers/STM32F4xx_HAL_Driver/Src/stm32f4xx_hal_uart.o
 .debug_macro   0x000000000001830c      0x210 ./Middlewares/Third_Party/FreeRTOS/Source/CMSIS_RTOS/cmsis_os.o
 .debug_macro   0x000000000001851c       0x10 ./Middlewares/Third_Party/FreeRTOS/Source/CMSIS_RTOS/cmsis_os.o
 .debug_macro   0x000000000001852c       0x16 ./Middlewares/Third_Party/FreeRTOS/Source/CMSIS_RTOS/cmsis_os.o
 .debug_macro   0x0000000000018542       0xc7 ./Middlewares/Third_Party/FreeRTOS/Source/CMSIS_RTOS/cmsis_os.o
 .debug_macro   0x0000000000018609      0x199 ./Middlewares/Third_Party/FreeRTOS/Source/list.o
 .debug_macro   0x00000000000187a2      0x28b ./Middlewares/Third_Party/FreeRTOS/Source/tasks.o
 .debug_macro   0x0000000000018a2d       0x10 ./Middlewares/Third_Party/FreeRTOS/Source/tasks.o
 .debug_macro   0x0000000000018a3d      0x233 ./Middlewares/Third_Party/FreeRTOS/Source/portable/GCC/ARM_CM4F/port.o
 .debug_macro   0x0000000000018c70      0x1c0 ./Middlewares/Third_Party/FreeRTOS/Source/portable/MemMang/heap_4.o
 .debug_macro   0x0000000000018e30      0x368 ./User_Libs/Src/DS3231.o
 .debug_macro   0x0000000000019198       0x16 ./User_Libs/Src/DS3231.o
 .debug_macro   0x00000000000191ae      0x42c ./User_Libs/Src/TFT.o
 .debug_macro   0x00000000000195da       0x56 ./User_Libs/Src/TFT.o

.debug_line     0x0000000000000000    0x1abb5
 .debug_line    0x0000000000000000      0x90a ./Core/Src/freertos.o
 .debug_line    0x000000000000090a      0xd5c ./Core/Src/main.o
 .debug_line    0x0000000000001666      0x809 ./Core/Src/stm32f4xx_hal_msp.o
 .debug_line    0x0000000000001e6f      0x761 ./Core/Src/stm32f4xx_hal_timebase_tim.o
 .debug_line    0x00000000000025d0      0x7b4 ./Core/Src/stm32f4xx_it.o
 .debug_line    0x0000000000002d84      0x769 ./Core/Src/system_stm32f4xx.o
 .debug_line    0x00000000000034ed       0x88 ./Core/Startup/startup_stm32f411ceux.o
 .debug_line    0x0000000000003575      0x9cf ./Drivers/STM32F4xx_HAL_Driver/Src/stm32f4xx_hal.o
 .debug_line    0x0000000000003f44      0xc7e ./Drivers/STM32F4xx_HAL_Driver/Src/stm32f4xx_hal_cortex.o
 .debug_line    0x0000000000004bc2      0xb07 ./Drivers/STM32F4xx_HAL_Driver/Src/stm32f4xx_hal_gpio.o
 .debug_line    0x00000000000056c9     0x3984 ./Drivers/STM32F4xx_HAL_Driver/Src/stm32f4xx_hal_i2c.o
 .debug_line    0x000000000000904d      0xd49 ./Drivers/STM32F4xx_HAL_Driver/Src/stm32f4xx_hal_rcc.o
 .debug_line    0x0000000000009d96     0x1c59 ./Drivers/STM32F4xx_HAL_Driver/Src/stm32f4xx_hal_spi.o
 .debug_line    0x000000000000b9ef     0x349d ./Drivers/STM32F4xx_HAL_Driver/Src/stm32f4xx_hal_tim.o
 .debug_line    0x000000000000ee8c     0x1967 ./Drivers/STM32F4xx_HAL_Driver/Src/stm32f4xx_hal_tim_ex.o
 .debug_line    0x00000000000107f3     0x2a74 ./Drivers/STM32F4xx_HAL_Driver/Src/stm32f4xx_hal_uart.o
 .debug_line    0x0000000000013267     0x11aa ./Middlewares/Third_Party/FreeRTOS/Source/CMSIS_RTOS/cmsis_os.o
 .debug_line    0x0000000000014411      0x6e5 ./Middlewares/Third_Party/FreeRTOS/Source/list.o
 .debug_line    0x0000000000014af6     0x191c ./Middlewares/Third_Party/FreeRTOS/Source/tasks.o
 .debug_line    0x0000000000016412      0x8ac ./Middlewares/Third_Party/FreeRTOS/Source/portable/GCC/ARM_CM4F/port.o
 .debug_line    0x0000000000016cbe      0x90f ./Middlewares/Third_Party/FreeRTOS/Source/portable/MemMang/heap_4.o
 .debug_line    0x00000000000175cd      0x9c6 ./User_Libs/Src/DS3231.o
 .debug_line    0x0000000000017f93     0x2c22 ./User_Libs/Src/TFT.o

.debug_str      0x0000000000000000    0x9c888
 .debug_str     0x0000000000000000    0x8f558 ./Core/Src/freertos.o
                                      0x8f86e (size before relaxing)
 .debug_str     0x000000000008f558     0x6393 ./Core/Src/main.o
                                      0x95cc7 (size before relaxing)
 .debug_str     0x00000000000958eb       0xe5 ./Core/Src/stm32f4xx_hal_msp.o
                                      0x8ad47 (size before relaxing)
 .debug_str     0x00000000000959d0       0xf5 ./Core/Src/stm32f4xx_hal_timebase_tim.o
                                      0x8a30b (size before relaxing)
 .debug_str     0x0000000000095ac5       0xf6 ./Core/Src/stm32f4xx_it.o
                                      0x8a232 (size before relaxing)
 .debug_str     0x0000000000095bbb       0xdb ./Core/Src/system_stm32f4xx.o
                                      0x8996c (size before relaxing)
 .debug_str     0x0000000000095c96       0x36 ./Core/Startup/startup_stm32f411ceux.o
                                         0x66 (size before relaxing)
 .debug_str     0x0000000000095ccc      0x5bf ./Drivers/STM32F4xx_HAL_Driver/Src/stm32f4xx_hal.o
                                      0x8a398 (size before relaxing)
 .debug_str     0x000000000009628b      0x331 ./Drivers/STM32F4xx_HAL_Driver/Src/stm32f4xx_hal_cortex.o
                                      0x8a0b9 (size before relaxing)
 .debug_str     0x00000000000965bc      0x108 ./Drivers/STM32F4xx_HAL_Driver/Src/stm32f4xx_hal_gpio.o
                                      0x89ae7 (size before relaxing)
 .debug_str     0x00000000000966c4      0xaf5 ./Drivers/STM32F4xx_HAL_Driver/Src/stm32f4xx_hal_i2c.o
                                      0x8a92a (size before relaxing)
 .debug_str     0x00000000000971b9      0x1f2 ./Drivers/STM32F4xx_HAL_Driver/Src/stm32f4xx_hal_rcc.o
                                      0x89da0 (size before relaxing)
 .debug_str     0x00000000000973ab      0x560 ./Drivers/STM32F4xx_HAL_Driver/Src/stm32f4xx_hal_spi.o
                                      0x8a21e (size before relaxing)
 .debug_str     0x000000000009790b      0xd95 ./Drivers/STM32F4xx_HAL_Driver/Src/stm32f4xx_hal_tim.o
                                      0x8acd4 (size before relaxing)
 .debug_str     0x00000000000986a0      0x493 ./Drivers/STM32F4xx_HAL_Driver/Src/stm32f4xx_hal_tim_ex.o
                                      0x8a4f0 (size before relaxing)
 .debug_str     0x0000000000098b33      0x5e7 ./Drivers/STM32F4xx_HAL_Driver/Src/stm32f4xx_hal_uart.o
                                      0x8a32d (size before relaxing)