17:39:41 **** Incremental Build of configuration Debug for project NODE_F4 ****
make -j8 all 
arm-none-eabi-gcc "../User_Libs/Src/TFT.c" -mcpu=cortex-m4 -std=gnu11 -g3 -DDEBUG -DUSE_HAL_DRIVER -DSTM32F411xE -c -I../Core/Inc -I../User_Libs/Inc -I../Drivers/STM32F4xx_HAL_Driver/Inc -I../Drivers/STM32F4xx_HAL_Driver/Inc/Legacy -I../Drivers/CMSIS/Device/ST/STM32F4xx/Include -I../Drivers/CMSIS/Include -I../Middlewares/Third_Party/FreeRTOS/Source/include -I../Middlewares/Third_Party/FreeRTOS/Source/CMSIS_RTOS -I../Middlewares/Third_Party/FreeRTOS/Source/portable/GCC/ARM_CM4F -O0 -ffunction-sections -fdata-sections -Wall -fstack-usage -MMD -MP -MF"User_Libs/Src/TFT.d" -MT"User_Libs/Src/TFT.o" --specs=nano.specs -mfpu=fpv4-sp-d16 -mfloat-abi=hard -mthumb -o "User_Libs/Src/TFT.o"
arm-none-eabi-gcc "../Core/Src/main.c" -mcpu=cortex-m4 -std=gnu11 -g3 -DDEBUG -DUSE_HAL_DRIVER -DSTM32F411xE -c -I../Core/Inc -I../User_Libs/Inc -I../Drivers/STM32F4xx_HAL_Driver/Inc -I../Drivers/STM32F4xx_HAL_Driver/Inc/Legacy -I../Drivers/CMSIS/Device/ST/STM32F4xx/Include -I../Drivers/CMSIS/Include -I../Middlewares/Third_Party/FreeRTOS/Source/include -I../Middlewares/Third_Party/FreeRTOS/Source/CMSIS_RTOS -I../Middlewares/Third_Party/FreeRTOS/Source/portable/GCC/ARM_CM4F -O0 -ffunction-sections -fdata-sections -Wall -fstack-usage -MMD -MP -MF"Core/Src/main.d" -MT"Core/Src/main.o" --specs=nano.specs -mfpu=fpv4-sp-d16 -mfloat-abi=hard -mthumb -o "Core/Src/main.o"
In file included from ../User_Libs/Src/TFT.c:9:
../User_Libs/Inc/TFT.h:13:1: warning: "/*" within comment [-Wcomment]
   13 | /* Define to prevent recursive inclusion -------------------------------------*/
      |  
../User_Libs/Src/TFT.c: In function 'readReg':
../User_Libs/Src/TFT.c:372:13: warning: unused variable 'lo' [-Wunused-variable]
  372 |     uint8_t lo;
      |             ^~
../User_Libs/Src/TFT.c: In function 'tft_init':
../User_Libs/Src/TFT.c:2157:30: warning: unused variable 'ILI9481_RGB_regValues' [-Wunused-variable]
 2157 |         static const uint8_t ILI9481_RGB_regValues[]  = {    // 320x480
      |                              ^~~~~~~~~~~~~~~~~~~~~
../User_Libs/Src/TFT.c:2143:30: warning: unused variable 'ILI9481_CMO35_regValues' [-Wunused-variable]
 2143 |         static const uint8_t ILI9481_CMO35_regValues[]  = {    // 320480
      |                              ^~~~~~~~~~~~~~~~~~~~~~~
../User_Libs/Src/TFT.c:2132:30: warning: unused variable 'ILI9481_AUO317_regValues' [-Wunused-variable]
 2132 |         static const uint8_t ILI9481_AUO317_regValues[]  = {    // 320x480
      |                              ^~~~~~~~~~~~~~~~~~~~~~~~
../User_Libs/Src/TFT.c:2120:30: warning: unused variable 'ILI9481_PVI35_regValues' [-Wunused-variable]
 2120 |         static const uint8_t ILI9481_PVI35_regValues[]  = {    // 320x480
      |                              ^~~~~~~~~~~~~~~~~~~~~~~
../User_Libs/Src/TFT.c:2108:30: warning: unused variable 'ILI9481_CPT29_regValues' [-Wunused-variable]
 2108 |         static const uint8_t ILI9481_CPT29_regValues[]  = {    // 320x430
      |                              ^~~~~~~~~~~~~~~~~~~~~~~
In file included from ../Core/Src/main.c:25:
../User_Libs/Inc/TFT.h:13:1: warning: "/*" within comment [-Wcomment]
   13 | /* Define to prevent recursive inclusion -------------------------------------*/
      |  
../User_Libs/Src/TFT.c:2027:30: warning: unused variable 'ILI9341_regValues_ada' [-Wunused-variable]
 2027 |         static const uint8_t ILI9341_regValues_ada[]  = {        // Adafruit_TFTLCD only works with EXTC=0
      |                              ^~~~~~~~~~~~~~~~~~~~~
../User_Libs/Src/TFT.c:1113:30: warning: unused variable 'ST7789_regValues_arcain6' [-Wunused-variable]
 1113 |         static const uint8_t ST7789_regValues_arcain6[]  = {
      |                              ^~~~~~~~~~~~~~~~~~~~~~~~
../User_Libs/Src/TFT.c:405:6: warning: variable 'dummy' set but not used [-Wunused-but-set-variable]
  405 |  int dummy=0;
      |      ^~~~~
../User_Libs/Src/TFT.c: In function 'readID':
../User_Libs/Src/TFT.c:2523:5: warning: this 'if' clause does not guard... [-Wmisleading-indentation]
 2523 |     if (ret == 0x1526)          //R61526 [xx 06 15 26] if I have written NVM
      |     ^~
../User_Libs/Src/TFT.c:2525:2: note: ...this statement, but the latter is misleadingly indented as if it were guarded by the 'if'
 2525 |  if (ret == 0x89F0)          //ST7735S: [xx 7C 89 F0]
      |  ^~
../User_Libs/Src/TFT.c:2459:19: warning: unused variable 'ret2' [-Wunused-variable]
 2459 |     uint16_t ret, ret2;
      |                   ^~~~
../User_Libs/Src/TFT.c: In function 'readGRAM':
../User_Libs/Src/TFT.c:2558:22: warning: unused variable 'tmp' [-Wunused-variable]
 2558 |     uint8_t r, g, b, tmp;
      |                      ^~~
../User_Libs/Src/TFT.c: In function 'setRotation':
../User_Libs/Src/TFT.c:2622:28: warning: unused variable 'REV' [-Wunused-variable]
 2622 |    uint16_t GS, SS_v, ORG, REV = _lcd_rev;
      |                            ^~~
../User_Libs/Src/TFT.c: In function 'drawChar':
../User_Libs/Src/TFT.c:3575:43: warning: implicit declaration of function 'pgm_read_pointer'; did you mean 'pgm_read_byte'? [-Wimplicit-function-declaration]
 3575 |         GFXglyph *glyph  = &(((GFXglyph *)pgm_read_pointer(&gfxFont->glyph))[c]);
      |                                           ^~~~~~~~~~~~~~~~
      |                                           pgm_read_byte
At top level:
../User_Libs/Src/TFT.c:1113:30: warning: 'ST7789_regValues_arcain6' defined but not used [-Wunused-const-variable=]
 1113 |         static const uint8_t ST7789_regValues_arcain6[]  = {
      |                              ^~~~~~~~~~~~~~~~~~~~~~~~
../User_Libs/Src/TFT.c:2027:30: warning: 'ILI9341_regValues_ada' defined but not used [-Wunused-const-variable=]
 2027 |         static const uint8_t ILI9341_regValues_ada[]  = {        // Adafruit_TFTLCD only works with EXTC=0
      |                              ^~~~~~~~~~~~~~~~~~~~~
../User_Libs/Src/TFT.c:2108:30: warning: 'ILI9481_CPT29_regValues' defined but not used [-Wunused-const-variable=]
 2108 |         static const uint8_t ILI9481_CPT29_regValues[]  = {    // 320x430
      |                              ^~~~~~~~~~~~~~~~~~~~~~~
../User_Libs/Src/TFT.c:2120:30: warning: 'ILI9481_PVI35_regValues' defined but not used [-Wunused-const-variable=]
 2120 |         static const uint8_t ILI9481_PVI35_regValues[]  = {    // 320x480
      |                              ^~~~~~~~~~~~~~~~~~~~~~~
../User_Libs/Src/TFT.c:2132:30: warning: 'ILI9481_AUO317_regValues' defined but not used [-Wunused-const-variable=]
 2132 |         static const uint8_t ILI9481_AUO317_regValues[]  = {    // 320x480
      |                              ^~~~~~~~~~~~~~~~~~~~~~~~
../User_Libs/Src/TFT.c:2143:30: warning: 'ILI9481_CMO35_regValues' defined but not used [-Wunused-const-variable=]
 2143 |         static const uint8_t ILI9481_CMO35_regValues[]  = {    // 320480
      |                              ^~~~~~~~~~~~~~~~~~~~~~~
../User_Libs/Src/TFT.c:2157:30: warning: 'ILI9481_RGB_regValues' defined but not used [-Wunused-const-variable=]
 2157 |         static const uint8_t ILI9481_RGB_regValues[]  = {    // 320x480
      |                              ^~~~~~~~~~~~~~~~~~~~~
arm-none-eabi-gcc -o "NODE_F4.elf" @"objects.list"   -mcpu=cortex-m4 -T"/home/hoanganh/STM32CubeIDE/DoAn1/NODE_F4/STM32F411CEUX_FLASH.ld" --specs=nosys.specs -Wl,-Map="NODE_F4.map" -Wl,--gc-sections -static --specs=nano.specs -mfpu=fpv4-sp-d16 -mfloat-abi=hard -mthumb -Wl,--start-group -lc -lm -Wl,--end-group
Finished building target: NODE_F4.elf
 
arm-none-eabi-size   NODE_F4.elf 
arm-none-eabi-objdump -h -S  NODE_F4.elf  > "NODE_F4.list"
   text	   data	    bss	    dec	    hex	filename
  36044	    140	  18396	  54580	   d534	NODE_F4.elf
Finished building: default.size.stdout
 
Finished building: NODE_F4.list
 

17:39:41 Build Finished. 0 errors, 23 warnings. (took 629ms)

